******************************************************************************
               TMS320C6x Linker PC v7.4.12                     
******************************************************************************
>> Linked Sat Jun 04 11:27:42 2016

OUTPUT FILE NAME:   <LED_and_switch_interrupt_flash.out>
ENTRY POINT SYMBOL: "_c_int00"  address: 0000b560


MEMORY CONFIGURATION

         name            origin    length      used     unused   attr    fill
----------------------  --------  ---------  --------  --------  ----  --------
  NEARRAM               00000001   00007fff  00000000  00007fff  RWIX
  RAM                   00008000   fffffffe  00004150  ffffbeae  RWIX


SEGMENT ALLOCATION MAP

run origin  load origin   length   init length attrs members
----------  ----------- ---------- ----------- ----- -------
00008000    00008000    000036c0   000036c0    r-x
  00008000    00008000    000036c0   000036c0    r-x .text
0000b6c0    0000b6c0    00000a40   00000000    rw-
  0000b6c0    0000b6c0    00000800   00000000    rw- .stack
  0000bec0    0000bec0    00000240   00000000    rw- .far
0000c100    0000c100    00000010   00000010    r--
  0000c100    0000c100    00000010   00000010    r-- .switch
0000c110    0000c110    0000000c   0000000c    rw-
  0000c110    0000c110    0000000c   0000000c    rw- .fardata
0000c120    0000c120    00000034   00000034    r--
  0000c120    0000c120    00000034   00000034    r-- .cinit


SECTION ALLOCATION MAP

 output                                  attributes/
section   page    origin      length       input sections
--------  ----  ----------  ----------   ----------------
.init_array 
*          0    00008000    00000000     UNINITIALIZED

.text      0    00008000    000036c0     
                  00008000    00001aa0     interrupt.obj (.text:retain)
                  00009aa0    000005e0     interrupt.obj (.text)
                  0000a080    00000580     gpio.obj (.text)
                  0000a600    000002a0     gpioMux.obj (.text)
                  0000a8a0    00000240     main.obj (.text:retain)
                  0000aae0    00000100     rts6740_elf.lib : autoinit.obj (.text:_auto_init_elf)
                  0000abe0    00000020                     : exit.obj (.text:abort)
                  0000ac00    00000200     intvecs.obj (.text)
                  0000ae00    00000180     rts6740_elf.lib : copy_decompress_rle.obj (.text:__TI_decompress_rle_core)
                  0000af80    00000140     psc.obj (.text)
                  0000b0c0    00000100     rts6740_elf.lib : cpy_tbl.obj (.text:copy_in)
                  0000b1c0    000000e0                     : copy_zero_init.obj (.text:decompress:ZI:__TI_zero_init)
                  0000b2a0    000000c0                     : exit.obj (.text:exit)
                  0000b360    000000c0                     : tls.obj (.text:tls:init:__TI_tls_init)
                  0000b420    000000a0     main.obj (.text)
                  0000b4c0    000000a0     rts6740_elf.lib : memcpy64.obj (.text:memcpy)
                  0000b560    00000080                     : boot.obj (.text:_c_int00)
                  0000b5e0    00000060                     : cpp_init.obj (.text:__TI_cpp_init)
                  0000b640    00000040                     : args_main.obj (.text:_args_main)
                  0000b680    00000020                     : copy_decompress_none.obj (.text:decompress:none:__TI_decompress_none)
                  0000b6a0    00000020                     : copy_decompress_rle.obj (.text:decompress:rle24:__TI_decompress_rle24)

.stack     0    0000b6c0    00000800     UNINITIALIZED
                  0000b6c0    00000008     rts6740_elf.lib : boot.obj (.stack)
                  0000b6c8    000007f8     --HOLE--

.far       0    0000bec0    00000240     UNINITIALIZED
                  0000bec0    00000240     interrupt.obj (.far)

.switch    0    0000c100    00000010     
                  0000c100    00000010     gpio.obj (.switch:GPIOIntTypeSet)

.fardata   0    0000c110    0000000c     
                  0000c110    0000000c     rts6740_elf.lib : exit.obj (.fardata)

.cinit     0    0000c120    00000034     
                  0000c120    0000000d     (.cinit..fardata.load) [load image, compression = rle]
                  0000c12d    00000003     --HOLE-- [fill = 0]
                  0000c130    0000000c     (__TI_handler_table)
                  0000c13c    00000008     (.cinit..far.load) [load image, compression = zero_init]
                  0000c144    00000010     (__TI_cinit_table)


LINKER GENERATED COPY TABLES

__TI_cinit_table @ 0000c144 records: 2, size/record: 8, table size: 16
	.fardata: load addr=0000c120, load size=0000000d bytes, run addr=0000c110, run size=0000000c bytes, compression=rle
	.far: load addr=0000c13c, load size=00000008 bytes, run addr=0000bec0, run size=00000240 bytes, compression=zero_init


LINKER GENERATED HANDLER TABLE

__TI_handler_table @ 0000c130 records: 3, size/record: 4, table size: 12
	index: 0, handler: __TI_decompress_rle24
	index: 1, handler: __TI_decompress_none
	index: 2, handler: __TI_zero_init


GLOBAL SYMBOLS: SORTED ALPHABETICALLY BY Name 

address    name
--------   ----
0000abe0   C$$EXIT
00009ef8   ExcCombineAdd
00009f40   ExcCombineRemove
00009ed8   ExcGlobalEnable
0000a7a0   GPIOBank0Pin1PinMuxSetup
0000a7d8   GPIOBank0Pin2PinMuxSetup
0000a814   GPIOBank0Pin3PinMuxSetup
0000a850   GPIOBank0Pin4PinMuxSetup
0000a6ec   GPIOBank0Pin9PinMuxSetup
0000a6b0   GPIOBank2Pin12PinMuxSetup
0000a728   GPIOBank2Pin4PinMuxSetup
0000a764   GPIOBank2Pin5PinMuxSetup
0000a600   GPIOBank4Pin0PinMuxSetup
0000a674   GPIOBank6Pin12PinMuxSetup
0000a638   GPIOBank6Pin13PinMuxSetup
0000a524   GPIOBankIntDisable
0000a4f4   GPIOBankIntEnable
0000a550   GPIOBankPinsWrite
0000a118   GPIODirModeGet
0000a080   GPIODirModeSet
0000a3c4   GPIOIntTypeGet
0000a258   GPIOIntTypeSet
0000a4ac   GPIOPinIntClear
0000a44c   GPIOPinIntStatus
0000a1f8   GPIOPinRead
0000a178   GPIOPinWrite
00009aa0   IntDSPINTCInit
00009e50   IntDisable
00009e20   IntEnable
00009c18   IntEventClear
00009d54   IntEventCombineAdd
00009c50   IntEventCombineInit
00009df8   IntEventCombineRegister
00009da8   IntEventCombineRemove
00009b5c   IntEventMap
00009be4   IntEventSet
00009eac   IntGlobalDisable
00009e98   IntGlobalEnable
00009ec0   IntGlobalRestore
00009b10   IntRegister
00009e84   IntReset
00009b34   IntUnRegister
0000af80   PSCModuleControl
0000c144   __TI_CINIT_Base
0000c154   __TI_CINIT_Limit
0000c130   __TI_Handler_Table_Base
0000c13c   __TI_Handler_Table_Limit
UNDEFED    __TI_INITARRAY_Base
UNDEFED    __TI_INITARRAY_Limit
0000bec0   __TI_STACK_END
00000800   __TI_STACK_SIZE
00000000   __TI_STATIC_BASE
UNDEFED    __TI_TLS_INIT_Base
UNDEFED    __TI_TLS_INIT_Limit
00000001   __TI_args_main
0000b5e0   __TI_cpp_init
0000b680   __TI_decompress_none
0000b6a0   __TI_decompress_rle24
0000c118   __TI_enable_exit_profile_output
ffffffff   __TI_pprof_out_hndl
ffffffff   __TI_prof_data_size
ffffffff   __TI_prof_data_start
0000b360   __TI_tls_init
0000b1c0   __TI_zero_init
ffffffff   __binit__
ffffffff   __c_args__
0000b640   _args_main
0000aae0   _auto_init_elf
00008ff8   _c674x_mask_int10_isr
000091c0   _c674x_mask_int11_isr
00009384   _c674x_mask_int12_isr
00009548   _c674x_mask_int13_isr
00009710   _c674x_mask_int14_isr
000098d8   _c674x_mask_int15_isr
00008550   _c674x_mask_int4_isr
00008718   _c674x_mask_int5_isr
000088e0   _c674x_mask_int6_isr
00008aa4   _c674x_mask_int7_isr
00008c68   _c674x_mask_int8_isr
00008e30   _c674x_mask_int9_isr
00008000   _c674x_nmi_isr
000081c4   _c674x_rsvd_int2_isr
00008388   _c674x_rsvd_int3_isr
0000b560   _c_int00
0000c110   _cleanup_ptr
0000c114   _dtors_ptr
0000ac00   _intcVectorTable
0000b6c0   _stack
0000abe0   abort
ffffffff   binit
0000b0c0   copy_in
0000b2a0   exit
0000b420   main
0000b4c0   memcpy


GLOBAL SYMBOLS: SORTED BY Symbol Address 

address    name
--------   ----
00000000   __TI_STATIC_BASE
00000001   __TI_args_main
00000800   __TI_STACK_SIZE
00008000   _c674x_nmi_isr
000081c4   _c674x_rsvd_int2_isr
00008388   _c674x_rsvd_int3_isr
00008550   _c674x_mask_int4_isr
00008718   _c674x_mask_int5_isr
000088e0   _c674x_mask_int6_isr
00008aa4   _c674x_mask_int7_isr
00008c68   _c674x_mask_int8_isr
00008e30   _c674x_mask_int9_isr
00008ff8   _c674x_mask_int10_isr
000091c0   _c674x_mask_int11_isr
00009384   _c674x_mask_int12_isr
00009548   _c674x_mask_int13_isr
00009710   _c674x_mask_int14_isr
000098d8   _c674x_mask_int15_isr
00009aa0   IntDSPINTCInit
00009b10   IntRegister
00009b34   IntUnRegister
00009b5c   IntEventMap
00009be4   IntEventSet
00009c18   IntEventClear
00009c50   IntEventCombineInit
00009d54   IntEventCombineAdd
00009da8   IntEventCombineRemove
00009df8   IntEventCombineRegister
00009e20   IntEnable
00009e50   IntDisable
00009e84   IntReset
00009e98   IntGlobalEnable
00009eac   IntGlobalDisable
00009ec0   IntGlobalRestore
00009ed8   ExcGlobalEnable
00009ef8   ExcCombineAdd
00009f40   ExcCombineRemove
0000a080   GPIODirModeSet
0000a118   GPIODirModeGet
0000a178   GPIOPinWrite
0000a1f8   GPIOPinRead
0000a258   GPIOIntTypeSet
0000a3c4   GPIOIntTypeGet
0000a44c   GPIOPinIntStatus
0000a4ac   GPIOPinIntClear
0000a4f4   GPIOBankIntEnable
0000a524   GPIOBankIntDisable
0000a550   GPIOBankPinsWrite
0000a600   GPIOBank4Pin0PinMuxSetup
0000a638   GPIOBank6Pin13PinMuxSetup
0000a674   GPIOBank6Pin12PinMuxSetup
0000a6b0   GPIOBank2Pin12PinMuxSetup
0000a6ec   GPIOBank0Pin9PinMuxSetup
0000a728   GPIOBank2Pin4PinMuxSetup
0000a764   GPIOBank2Pin5PinMuxSetup
0000a7a0   GPIOBank0Pin1PinMuxSetup
0000a7d8   GPIOBank0Pin2PinMuxSetup
0000a814   GPIOBank0Pin3PinMuxSetup
0000a850   GPIOBank0Pin4PinMuxSetup
0000aae0   _auto_init_elf
0000abe0   C$$EXIT
0000abe0   abort
0000ac00   _intcVectorTable
0000af80   PSCModuleControl
0000b0c0   copy_in
0000b1c0   __TI_zero_init
0000b2a0   exit
0000b360   __TI_tls_init
0000b420   main
0000b4c0   memcpy
0000b560   _c_int00
0000b5e0   __TI_cpp_init
0000b640   _args_main
0000b680   __TI_decompress_none
0000b6a0   __TI_decompress_rle24
0000b6c0   _stack
0000bec0   __TI_STACK_END
0000c110   _cleanup_ptr
0000c114   _dtors_ptr
0000c118   __TI_enable_exit_profile_output
0000c130   __TI_Handler_Table_Base
0000c13c   __TI_Handler_Table_Limit
0000c144   __TI_CINIT_Base
0000c154   __TI_CINIT_Limit
ffffffff   __TI_pprof_out_hndl
ffffffff   __TI_prof_data_size
ffffffff   __TI_prof_data_start
ffffffff   __binit__
ffffffff   __c_args__
ffffffff   binit
UNDEFED    __TI_INITARRAY_Base
UNDEFED    __TI_INITARRAY_Limit
UNDEFED    __TI_TLS_INIT_Base
UNDEFED    __TI_TLS_INIT_Limit

[94 symbols]
