<?xml version="1.0"?>
<link_info>
   <banner>TMS320C6x Linker PC v7.4.12</banner>
   <copyright>Copyright (c) 1996-2014 Texas Instruments Incorporated</copyright>
   <link_time>0x57524aae</link_time>
   <output_file>LED_and_switch_interrupt_flash.out</output_file>
   <entry_point>
      <name>_c_int00</name>
      <address>0xb560</address>
   </entry_point>
   <input_file_list>
      <input_file id="fl-2">
         <path>.\</path>
         <kind>object</kind>
         <file>gpio.obj</file>
         <name>gpio.obj</name>
      </input_file>
      <input_file id="fl-3">
         <path>.\</path>
         <kind>object</kind>
         <file>gpioMux.obj</file>
         <name>gpioMux.obj</name>
      </input_file>
      <input_file id="fl-4">
         <path>.\</path>
         <kind>object</kind>
         <file>interrupt.obj</file>
         <name>interrupt.obj</name>
      </input_file>
      <input_file id="fl-5">
         <path>.\</path>
         <kind>object</kind>
         <file>intvecs.obj</file>
         <name>intvecs.obj</name>
      </input_file>
      <input_file id="fl-6">
         <path>.\</path>
         <kind>object</kind>
         <file>main.obj</file>
         <name>main.obj</name>
      </input_file>
      <input_file id="fl-7">
         <path>.\</path>
         <kind>object</kind>
         <file>psc.obj</file>
         <name>psc.obj</name>
      </input_file>
      <input_file id="fl-81">
         <path>C:\ti\ccsv6\tools\compiler\c6000_7.4.12\lib\</path>
         <kind>archive</kind>
         <file>rts6740_elf.lib</file>
         <name>boot.obj</name>
      </input_file>
      <input_file id="fl-82">
         <path>C:\ti\ccsv6\tools\compiler\c6000_7.4.12\lib\</path>
         <kind>archive</kind>
         <file>rts6740_elf.lib</file>
         <name>copy_decompress_none.obj</name>
      </input_file>
      <input_file id="fl-83">
         <path>C:\ti\ccsv6\tools\compiler\c6000_7.4.12\lib\</path>
         <kind>archive</kind>
         <file>rts6740_elf.lib</file>
         <name>copy_decompress_rle.obj</name>
      </input_file>
      <input_file id="fl-84">
         <path>C:\ti\ccsv6\tools\compiler\c6000_7.4.12\lib\</path>
         <kind>archive</kind>
         <file>rts6740_elf.lib</file>
         <name>copy_zero_init.obj</name>
      </input_file>
      <input_file id="fl-85">
         <path>C:\ti\ccsv6\tools\compiler\c6000_7.4.12\lib\</path>
         <kind>archive</kind>
         <file>rts6740_elf.lib</file>
         <name>exit.obj</name>
      </input_file>
      <input_file id="fl-86">
         <path>C:\ti\ccsv6\tools\compiler\c6000_7.4.12\lib\</path>
         <kind>archive</kind>
         <file>rts6740_elf.lib</file>
         <name>memcpy64.obj</name>
      </input_file>
      <input_file id="fl-87">
         <path>C:\ti\ccsv6\tools\compiler\c6000_7.4.12\lib\</path>
         <kind>archive</kind>
         <file>rts6740_elf.lib</file>
         <name>args_main.obj</name>
      </input_file>
      <input_file id="fl-88">
         <path>C:\ti\ccsv6\tools\compiler\c6000_7.4.12\lib\</path>
         <kind>archive</kind>
         <file>rts6740_elf.lib</file>
         <name>autoinit.obj</name>
      </input_file>
      <input_file id="fl-89">
         <path>C:\ti\ccsv6\tools\compiler\c6000_7.4.12\lib\</path>
         <kind>archive</kind>
         <file>rts6740_elf.lib</file>
         <name>cpp_init.obj</name>
      </input_file>
      <input_file id="fl-8a">
         <path>C:\ti\ccsv6\tools\compiler\c6000_7.4.12\lib\</path>
         <kind>archive</kind>
         <file>rts6740_elf.lib</file>
         <name>cpy_tbl.obj</name>
      </input_file>
      <input_file id="fl-8b">
         <path>C:\ti\ccsv6\tools\compiler\c6000_7.4.12\lib\</path>
         <kind>archive</kind>
         <file>rts6740_elf.lib</file>
         <name>tls.obj</name>
      </input_file>
      <input_file id="fl-8c">
         <path>C:\ti\ccsv6\tools\compiler\c6000_7.4.12\lib\</path>
         <kind>archive</kind>
         <file>rts6740_elf.lib</file>
         <name>tls_get_tp.obj</name>
      </input_file>
   </input_file_list>
   <object_component_list>
      <object_component id="oc-1b">
         <name>.text:retain</name>
         <load_address>0x8000</load_address>
         <run_address>0x8000</run_address>
         <size>0x1aa0</size>
         <input_file_ref idref="fl-4"/>
      </object_component>
      <object_component id="oc-68">
         <name>.text</name>
         <load_address>0x9aa0</load_address>
         <run_address>0x9aa0</run_address>
         <size>0x5e0</size>
         <input_file_ref idref="fl-4"/>
      </object_component>
      <object_component id="oc-62">
         <name>.text</name>
         <load_address>0xa080</load_address>
         <run_address>0xa080</run_address>
         <size>0x580</size>
         <input_file_ref idref="fl-2"/>
      </object_component>
      <object_component id="oc-74">
         <name>.text</name>
         <load_address>0xa600</load_address>
         <run_address>0xa600</run_address>
         <size>0x2a0</size>
         <input_file_ref idref="fl-3"/>
      </object_component>
      <object_component id="oc-21">
         <name>.text:retain</name>
         <load_address>0xa8a0</load_address>
         <run_address>0xa8a0</run_address>
         <size>0x240</size>
         <input_file_ref idref="fl-6"/>
      </object_component>
      <object_component id="oc-30">
         <name>.text:_auto_init_elf</name>
         <load_address>0xaae0</load_address>
         <run_address>0xaae0</run_address>
         <size>0x100</size>
         <input_file_ref idref="fl-88"/>
      </object_component>
      <object_component id="oc-9d">
         <name>.text:abort</name>
         <load_address>0xabe0</load_address>
         <run_address>0xabe0</run_address>
         <size>0x20</size>
         <input_file_ref idref="fl-85"/>
      </object_component>
      <object_component id="oc-3">
         <name>.text</name>
         <load_address>0xac00</load_address>
         <run_address>0xac00</run_address>
         <size>0x200</size>
         <input_file_ref idref="fl-5"/>
      </object_component>
      <object_component id="oc-52">
         <name>.text:__TI_decompress_rle_core</name>
         <load_address>0xae00</load_address>
         <run_address>0xae00</run_address>
         <size>0x180</size>
         <input_file_ref idref="fl-83"/>
      </object_component>
      <object_component id="oc-6e">
         <name>.text</name>
         <load_address>0xaf80</load_address>
         <run_address>0xaf80</run_address>
         <size>0x140</size>
         <input_file_ref idref="fl-7"/>
      </object_component>
      <object_component id="oc-84">
         <name>.text:copy_in</name>
         <load_address>0xb0c0</load_address>
         <run_address>0xb0c0</run_address>
         <size>0x100</size>
         <input_file_ref idref="fl-8a"/>
      </object_component>
      <object_component id="oc-11">
         <name>.text:decompress:ZI:__TI_zero_init</name>
         <load_address>0xb1c0</load_address>
         <run_address>0xb1c0</run_address>
         <size>0xe0</size>
         <input_file_ref idref="fl-84"/>
      </object_component>
      <object_component id="oc-3a">
         <name>.text:exit</name>
         <load_address>0xb2a0</load_address>
         <run_address>0xb2a0</run_address>
         <size>0xc0</size>
         <input_file_ref idref="fl-85"/>
      </object_component>
      <object_component id="oc-89">
         <name>.text:tls:init:__TI_tls_init</name>
         <load_address>0xb360</load_address>
         <run_address>0xb360</run_address>
         <size>0xc0</size>
         <input_file_ref idref="fl-8b"/>
      </object_component>
      <object_component id="oc-22">
         <name>.text</name>
         <load_address>0xb420</load_address>
         <run_address>0xb420</run_address>
         <size>0xa0</size>
         <input_file_ref idref="fl-6"/>
      </object_component>
      <object_component id="oc-41">
         <name>.text:memcpy</name>
         <load_address>0xb4c0</load_address>
         <run_address>0xb4c0</run_address>
         <size>0xa0</size>
         <input_file_ref idref="fl-86"/>
      </object_component>
      <object_component id="oc-2">
         <name>.text:_c_int00</name>
         <load_address>0xb560</load_address>
         <run_address>0xb560</run_address>
         <size>0x80</size>
         <input_file_ref idref="fl-81"/>
      </object_component>
      <object_component id="oc-8e">
         <name>.text:__TI_cpp_init</name>
         <load_address>0xb5e0</load_address>
         <run_address>0xb5e0</run_address>
         <size>0x60</size>
         <input_file_ref idref="fl-89"/>
      </object_component>
      <object_component id="oc-35">
         <name>.text:_args_main</name>
         <load_address>0xb640</load_address>
         <run_address>0xb640</run_address>
         <size>0x40</size>
         <input_file_ref idref="fl-87"/>
      </object_component>
      <object_component id="oc-c">
         <name>.text:decompress:none:__TI_decompress_none</name>
         <load_address>0xb680</load_address>
         <run_address>0xb680</run_address>
         <size>0x20</size>
         <input_file_ref idref="fl-82"/>
      </object_component>
      <object_component id="oc-16">
         <name>.text:decompress:rle24:__TI_decompress_rle24</name>
         <load_address>0xb6a0</load_address>
         <run_address>0xb6a0</run_address>
         <size>0x20</size>
         <input_file_ref idref="fl-83"/>
      </object_component>
      <object_component id="oc-9a">
         <name>.fardata</name>
         <load_address>0xc110</load_address>
         <run_address>0xc110</run_address>
         <size>0xc</size>
         <input_file_ref idref="fl-85"/>
      </object_component>
      <object_component id="oc-11f">
         <name>.cinit..fardata.load</name>
         <load_address>0xc120</load_address>
         <run_address>0xc120</run_address>
         <size>0xd</size>
      </object_component>
      <object_component id="oc-11d">
         <name>__TI_handler_table</name>
         <load_address>0xc130</load_address>
         <run_address>0xc130</run_address>
         <size>0xc</size>
      </object_component>
      <object_component id="oc-120">
         <name>.cinit..far.load</name>
         <load_address>0xc13c</load_address>
         <run_address>0xc13c</run_address>
         <size>0x8</size>
      </object_component>
      <object_component id="oc-11e">
         <name>__TI_cinit_table</name>
         <load_address>0xc144</load_address>
         <run_address>0xc144</run_address>
         <size>0x10</size>
      </object_component>
      <object_component id="oc-2d">
         <name>.stack</name>
         <uninitialized>true</uninitialized>
         <run_address>0xb6c0</run_address>
         <size>0x8</size>
         <input_file_ref idref="fl-81"/>
      </object_component>
      <object_component id="oc-121">
         <name>.stack</name>
         <uninitialized>true</uninitialized>
         <run_address>0xb6c0</run_address>
         <size>0x0</size>
      </object_component>
      <object_component id="oc-5e">
         <name>.far</name>
         <uninitialized>true</uninitialized>
         <run_address>0xbec0</run_address>
         <size>0x240</size>
         <input_file_ref idref="fl-4"/>
      </object_component>
      <object_component id="oc-bb">
         <name>.switch:GPIOIntTypeSet</name>
         <load_address>0xc100</load_address>
         <run_address>0xc100</run_address>
         <size>0x10</size>
         <input_file_ref idref="fl-2"/>
      </object_component>
      <object_component id="oc-4">
         <name>.debug_info</name>
         <load_address>0x0</load_address>
         <run_address>0x0</run_address>
         <size>0x118</size>
         <input_file_ref idref="fl-5"/>
      </object_component>
      <object_component id="oc-8">
         <name>.debug_info</name>
         <load_address>0x118</load_address>
         <run_address>0x118</run_address>
         <size>0x111</size>
         <input_file_ref idref="fl-81"/>
      </object_component>
      <object_component id="oc-d">
         <name>.debug_info</name>
         <load_address>0x229</load_address>
         <run_address>0x229</run_address>
         <size>0x150</size>
         <input_file_ref idref="fl-82"/>
      </object_component>
      <object_component id="oc-12">
         <name>.debug_info</name>
         <load_address>0x379</load_address>
         <run_address>0x379</run_address>
         <size>0x191</size>
         <input_file_ref idref="fl-84"/>
      </object_component>
      <object_component id="oc-17">
         <name>.debug_info</name>
         <load_address>0x50a</load_address>
         <run_address>0x50a</run_address>
         <size>0x16d</size>
         <input_file_ref idref="fl-83"/>
      </object_component>
      <object_component id="oc-1c">
         <name>.debug_info</name>
         <load_address>0x677</load_address>
         <run_address>0x677</run_address>
         <size>0x786</size>
         <input_file_ref idref="fl-4"/>
      </object_component>
      <object_component id="oc-23">
         <name>.debug_info</name>
         <load_address>0xdfd</load_address>
         <run_address>0xdfd</run_address>
         <size>0x2b0</size>
         <input_file_ref idref="fl-6"/>
      </object_component>
      <object_component id="oc-28">
         <name>.debug_info</name>
         <load_address>0x10ad</load_address>
         <run_address>0x10ad</run_address>
         <size>0x1e9</size>
         <input_file_ref idref="fl-6"/>
      </object_component>
      <object_component id="oc-2e">
         <name>.debug_info</name>
         <load_address>0x1296</load_address>
         <run_address>0x1296</run_address>
         <size>0xa8</size>
         <input_file_ref idref="fl-81"/>
      </object_component>
      <object_component id="oc-31">
         <name>.debug_info</name>
         <load_address>0x133e</load_address>
         <run_address>0x133e</run_address>
         <size>0x191</size>
         <input_file_ref idref="fl-88"/>
      </object_component>
      <object_component id="oc-36">
         <name>.debug_info</name>
         <load_address>0x14cf</load_address>
         <run_address>0x14cf</run_address>
         <size>0xf7</size>
         <input_file_ref idref="fl-87"/>
      </object_component>
      <object_component id="oc-3b">
         <name>.debug_info</name>
         <load_address>0x15c6</load_address>
         <run_address>0x15c6</run_address>
         <size>0x10d</size>
         <input_file_ref idref="fl-85"/>
      </object_component>
      <object_component id="oc-42">
         <name>.debug_info</name>
         <load_address>0x16d3</load_address>
         <run_address>0x16d3</run_address>
         <size>0xd7</size>
         <input_file_ref idref="fl-86"/>
      </object_component>
      <object_component id="oc-47">
         <name>.debug_info</name>
         <load_address>0x17aa</load_address>
         <run_address>0x17aa</run_address>
         <size>0x53</size>
         <input_file_ref idref="fl-82"/>
      </object_component>
      <object_component id="oc-4d">
         <name>.debug_info</name>
         <load_address>0x17fd</load_address>
         <run_address>0x17fd</run_address>
         <size>0x53</size>
         <input_file_ref idref="fl-84"/>
      </object_component>
      <object_component id="oc-53">
         <name>.debug_info</name>
         <load_address>0x1850</load_address>
         <run_address>0x1850</run_address>
         <size>0x2f3</size>
         <input_file_ref idref="fl-83"/>
      </object_component>
      <object_component id="oc-58">
         <name>.debug_info</name>
         <load_address>0x1b43</load_address>
         <run_address>0x1b43</run_address>
         <size>0x1d8</size>
         <input_file_ref idref="fl-83"/>
      </object_component>
      <object_component id="oc-59">
         <name>.debug_info</name>
         <load_address>0x1d1b</load_address>
         <run_address>0x1d1b</run_address>
         <size>0x46</size>
         <input_file_ref idref="fl-83"/>
      </object_component>
      <object_component id="oc-5f">
         <name>.debug_info</name>
         <load_address>0x1d61</load_address>
         <run_address>0x1d61</run_address>
         <size>0x13a</size>
         <input_file_ref idref="fl-4"/>
      </object_component>
      <object_component id="oc-63">
         <name>.debug_info</name>
         <load_address>0x1e9b</load_address>
         <run_address>0x1e9b</run_address>
         <size>0xc14</size>
         <input_file_ref idref="fl-2"/>
      </object_component>
      <object_component id="oc-69">
         <name>.debug_info</name>
         <load_address>0x2aaf</load_address>
         <run_address>0x2aaf</run_address>
         <size>0x1491</size>
         <input_file_ref idref="fl-4"/>
      </object_component>
      <object_component id="oc-6f">
         <name>.debug_info</name>
         <load_address>0x3f40</load_address>
         <run_address>0x3f40</run_address>
         <size>0x37a</size>
         <input_file_ref idref="fl-7"/>
      </object_component>
      <object_component id="oc-75">
         <name>.debug_info</name>
         <load_address>0x42ba</load_address>
         <run_address>0x42ba</run_address>
         <size>0x6d4</size>
         <input_file_ref idref="fl-3"/>
      </object_component>
      <object_component id="oc-7b">
         <name>.debug_info</name>
         <load_address>0x498e</load_address>
         <run_address>0x498e</run_address>
         <size>0x8d</size>
         <input_file_ref idref="fl-4"/>
      </object_component>
      <object_component id="oc-83">
         <name>.debug_info</name>
         <load_address>0x4a1b</load_address>
         <run_address>0x4a1b</run_address>
         <size>0xfd</size>
         <input_file_ref idref="fl-81"/>
      </object_component>
      <object_component id="oc-85">
         <name>.debug_info</name>
         <load_address>0x4b18</load_address>
         <run_address>0x4b18</run_address>
         <size>0x18f</size>
         <input_file_ref idref="fl-8a"/>
      </object_component>
      <object_component id="oc-8a">
         <name>.debug_info</name>
         <load_address>0x4ca7</load_address>
         <run_address>0x4ca7</run_address>
         <size>0x165</size>
         <input_file_ref idref="fl-8b"/>
      </object_component>
      <object_component id="oc-8f">
         <name>.debug_info</name>
         <load_address>0x4e0c</load_address>
         <run_address>0x4e0c</run_address>
         <size>0x160</size>
         <input_file_ref idref="fl-89"/>
      </object_component>
      <object_component id="oc-95">
         <name>.debug_info</name>
         <load_address>0x4f6c</load_address>
         <run_address>0x4f6c</run_address>
         <size>0x94</size>
         <input_file_ref idref="fl-81"/>
      </object_component>
      <object_component id="oc-9b">
         <name>.debug_info</name>
         <load_address>0x5000</load_address>
         <run_address>0x5000</run_address>
         <size>0x128</size>
         <input_file_ref idref="fl-85"/>
      </object_component>
      <object_component id="oc-9e">
         <name>.debug_info</name>
         <load_address>0x5128</load_address>
         <run_address>0x5128</run_address>
         <size>0x11f</size>
         <input_file_ref idref="fl-85"/>
      </object_component>
      <object_component id="oc-a3">
         <name>.debug_info</name>
         <load_address>0x5247</load_address>
         <run_address>0x5247</run_address>
         <size>0x8d</size>
         <input_file_ref idref="fl-82"/>
      </object_component>
      <object_component id="oc-a9">
         <name>.debug_info</name>
         <load_address>0x52d4</load_address>
         <run_address>0x52d4</run_address>
         <size>0x46</size>
         <input_file_ref idref="fl-82"/>
      </object_component>
      <object_component id="oc-ae">
         <name>.debug_info</name>
         <load_address>0x531a</load_address>
         <run_address>0x531a</run_address>
         <size>0xe6</size>
         <input_file_ref idref="fl-82"/>
      </object_component>
      <object_component id="oc-af">
         <name>.debug_info</name>
         <load_address>0x5400</load_address>
         <run_address>0x5400</run_address>
         <size>0x2c</size>
         <input_file_ref idref="fl-83"/>
      </object_component>
      <object_component id="oc-b4">
         <name>.debug_info</name>
         <load_address>0x542c</load_address>
         <run_address>0x542c</run_address>
         <size>0x1ce</size>
         <input_file_ref idref="fl-84"/>
      </object_component>
      <object_component id="oc-ba">
         <name>.debug_info</name>
         <load_address>0x55fa</load_address>
         <run_address>0x55fa</run_address>
         <size>0x1f1</size>
         <input_file_ref idref="fl-4"/>
      </object_component>
      <object_component id="oc-bd">
         <name>.debug_info</name>
         <load_address>0x57eb</load_address>
         <run_address>0x57eb</run_address>
         <size>0x88</size>
         <input_file_ref idref="fl-2"/>
      </object_component>
      <object_component id="oc-c4">
         <name>.debug_info</name>
         <load_address>0x5873</load_address>
         <run_address>0x5873</run_address>
         <size>0xed</size>
         <input_file_ref idref="fl-7"/>
      </object_component>
      <object_component id="oc-c9">
         <name>.debug_info</name>
         <load_address>0x5960</load_address>
         <run_address>0x5960</run_address>
         <size>0x141</size>
         <input_file_ref idref="fl-8a"/>
      </object_component>
      <object_component id="oc-cb">
         <name>.debug_info</name>
         <load_address>0x5aa1</load_address>
         <run_address>0x5aa1</run_address>
         <size>0x254</size>
         <input_file_ref idref="fl-8b"/>
      </object_component>
      <object_component id="oc-cf">
         <name>.debug_info</name>
         <load_address>0x5cf5</load_address>
         <run_address>0x5cf5</run_address>
         <size>0x12c</size>
         <input_file_ref idref="fl-85"/>
      </object_component>
      <object_component id="oc-d7">
         <name>.debug_info</name>
         <load_address>0x5e21</load_address>
         <run_address>0x5e21</run_address>
         <size>0x2c</size>
         <input_file_ref idref="fl-4"/>
      </object_component>
      <object_component id="oc-e0">
         <name>.debug_info</name>
         <load_address>0x5e4d</load_address>
         <run_address>0x5e4d</run_address>
         <size>0xcd</size>
         <input_file_ref idref="fl-8a"/>
      </object_component>
      <object_component id="oc-127">
         <name>.debug_info</name>
         <load_address>0x5f1a</load_address>
         <run_address>0x5f1a</run_address>
         <size>0xe6</size>
      </object_component>
      <object_component id="oc-5">
         <name>.debug_aranges</name>
         <load_address>0x0</load_address>
         <run_address>0x0</run_address>
         <size>0x20</size>
         <input_file_ref idref="fl-5"/>
      </object_component>
      <object_component id="oc-9">
         <name>.debug_aranges</name>
         <load_address>0x20</load_address>
         <run_address>0x20</run_address>
         <size>0x20</size>
         <input_file_ref idref="fl-81"/>
      </object_component>
      <object_component id="oc-e">
         <name>.debug_aranges</name>
         <load_address>0x40</load_address>
         <run_address>0x40</run_address>
         <size>0x20</size>
         <input_file_ref idref="fl-82"/>
      </object_component>
      <object_component id="oc-13">
         <name>.debug_aranges</name>
         <load_address>0x60</load_address>
         <run_address>0x60</run_address>
         <size>0x20</size>
         <input_file_ref idref="fl-84"/>
      </object_component>
      <object_component id="oc-18">
         <name>.debug_aranges</name>
         <load_address>0x80</load_address>
         <run_address>0x80</run_address>
         <size>0x20</size>
         <input_file_ref idref="fl-83"/>
      </object_component>
      <object_component id="oc-1d">
         <name>.debug_aranges</name>
         <load_address>0xa0</load_address>
         <run_address>0xa0</run_address>
         <size>0x90</size>
         <input_file_ref idref="fl-4"/>
      </object_component>
      <object_component id="oc-24">
         <name>.debug_aranges</name>
         <load_address>0x130</load_address>
         <run_address>0x130</run_address>
         <size>0x20</size>
         <input_file_ref idref="fl-6"/>
      </object_component>
      <object_component id="oc-29">
         <name>.debug_aranges</name>
         <load_address>0x150</load_address>
         <run_address>0x150</run_address>
         <size>0x20</size>
         <input_file_ref idref="fl-6"/>
      </object_component>
      <object_component id="oc-32">
         <name>.debug_aranges</name>
         <load_address>0x170</load_address>
         <run_address>0x170</run_address>
         <size>0x20</size>
         <input_file_ref idref="fl-88"/>
      </object_component>
      <object_component id="oc-37">
         <name>.debug_aranges</name>
         <load_address>0x190</load_address>
         <run_address>0x190</run_address>
         <size>0x20</size>
         <input_file_ref idref="fl-87"/>
      </object_component>
      <object_component id="oc-3c">
         <name>.debug_aranges</name>
         <load_address>0x1b0</load_address>
         <run_address>0x1b0</run_address>
         <size>0x20</size>
         <input_file_ref idref="fl-85"/>
      </object_component>
      <object_component id="oc-43">
         <name>.debug_aranges</name>
         <load_address>0x1d0</load_address>
         <run_address>0x1d0</run_address>
         <size>0x20</size>
         <input_file_ref idref="fl-86"/>
      </object_component>
      <object_component id="oc-54">
         <name>.debug_aranges</name>
         <load_address>0x1f0</load_address>
         <run_address>0x1f0</run_address>
         <size>0x20</size>
         <input_file_ref idref="fl-83"/>
      </object_component>
      <object_component id="oc-64">
         <name>.debug_aranges</name>
         <load_address>0x210</load_address>
         <run_address>0x210</run_address>
         <size>0x70</size>
         <input_file_ref idref="fl-2"/>
      </object_component>
      <object_component id="oc-6a">
         <name>.debug_aranges</name>
         <load_address>0x280</load_address>
         <run_address>0x280</run_address>
         <size>0xe0</size>
         <input_file_ref idref="fl-4"/>
      </object_component>
      <object_component id="oc-70">
         <name>.debug_aranges</name>
         <load_address>0x360</load_address>
         <run_address>0x360</run_address>
         <size>0x20</size>
         <input_file_ref idref="fl-7"/>
      </object_component>
      <object_component id="oc-76">
         <name>.debug_aranges</name>
         <load_address>0x380</load_address>
         <run_address>0x380</run_address>
         <size>0x70</size>
         <input_file_ref idref="fl-3"/>
      </object_component>
      <object_component id="oc-86">
         <name>.debug_aranges</name>
         <load_address>0x3f0</load_address>
         <run_address>0x3f0</run_address>
         <size>0x20</size>
         <input_file_ref idref="fl-8a"/>
      </object_component>
      <object_component id="oc-8b">
         <name>.debug_aranges</name>
         <load_address>0x410</load_address>
         <run_address>0x410</run_address>
         <size>0x20</size>
         <input_file_ref idref="fl-8b"/>
      </object_component>
      <object_component id="oc-90">
         <name>.debug_aranges</name>
         <load_address>0x430</load_address>
         <run_address>0x430</run_address>
         <size>0x20</size>
         <input_file_ref idref="fl-89"/>
      </object_component>
      <object_component id="oc-9f">
         <name>.debug_aranges</name>
         <load_address>0x450</load_address>
         <run_address>0x450</run_address>
         <size>0x20</size>
         <input_file_ref idref="fl-85"/>
      </object_component>
      <object_component id="oc-6">
         <name>.debug_pubnames</name>
         <load_address>0x0</load_address>
         <run_address>0x0</run_address>
         <size>0x2d</size>
         <input_file_ref idref="fl-5"/>
      </object_component>
      <object_component id="oc-a">
         <name>.debug_pubnames</name>
         <load_address>0x2d</load_address>
         <run_address>0x2d</run_address>
         <size>0x1f</size>
         <input_file_ref idref="fl-81"/>
      </object_component>
      <object_component id="oc-f">
         <name>.debug_pubnames</name>
         <load_address>0x4c</load_address>
         <run_address>0x4c</run_address>
         <size>0x2b</size>
         <input_file_ref idref="fl-82"/>
      </object_component>
      <object_component id="oc-14">
         <name>.debug_pubnames</name>
         <load_address>0x77</load_address>
         <run_address>0x77</run_address>
         <size>0x25</size>
         <input_file_ref idref="fl-84"/>
      </object_component>
      <object_component id="oc-19">
         <name>.debug_pubnames</name>
         <load_address>0x9c</load_address>
         <run_address>0x9c</run_address>
         <size>0x2c</size>
         <input_file_ref idref="fl-83"/>
      </object_component>
      <object_component id="oc-1e">
         <name>.debug_pubnames</name>
         <load_address>0xc8</load_address>
         <run_address>0xc8</run_address>
         <size>0x189</size>
         <input_file_ref idref="fl-4"/>
      </object_component>
      <object_component id="oc-25">
         <name>.debug_pubnames</name>
         <load_address>0x251</load_address>
         <run_address>0x251</run_address>
         <size>0x1b</size>
         <input_file_ref idref="fl-6"/>
      </object_component>
      <object_component id="oc-2a">
         <name>.debug_pubnames</name>
         <load_address>0x26c</load_address>
         <run_address>0x26c</run_address>
         <size>0x2a</size>
         <input_file_ref idref="fl-6"/>
      </object_component>
      <object_component id="oc-2f">
         <name>.debug_pubnames</name>
         <load_address>0x296</load_address>
         <run_address>0x296</run_address>
         <size>0x1d</size>
         <input_file_ref idref="fl-81"/>
      </object_component>
      <object_component id="oc-33">
         <name>.debug_pubnames</name>
         <load_address>0x2b3</load_address>
         <run_address>0x2b3</run_address>
         <size>0x25</size>
         <input_file_ref idref="fl-88"/>
      </object_component>
      <object_component id="oc-38">
         <name>.debug_pubnames</name>
         <load_address>0x2d8</load_address>
         <run_address>0x2d8</run_address>
         <size>0x21</size>
         <input_file_ref idref="fl-87"/>
      </object_component>
      <object_component id="oc-3d">
         <name>.debug_pubnames</name>
         <load_address>0x2f9</load_address>
         <run_address>0x2f9</run_address>
         <size>0x1b</size>
         <input_file_ref idref="fl-85"/>
      </object_component>
      <object_component id="oc-44">
         <name>.debug_pubnames</name>
         <load_address>0x314</load_address>
         <run_address>0x314</run_address>
         <size>0x1d</size>
         <input_file_ref idref="fl-86"/>
      </object_component>
      <object_component id="oc-55">
         <name>.debug_pubnames</name>
         <load_address>0x331</load_address>
         <run_address>0x331</run_address>
         <size>0x2f</size>
         <input_file_ref idref="fl-83"/>
      </object_component>
      <object_component id="oc-60">
         <name>.debug_pubnames</name>
         <load_address>0x360</load_address>
         <run_address>0x360</run_address>
         <size>0x32</size>
         <input_file_ref idref="fl-4"/>
      </object_component>
      <object_component id="oc-65">
         <name>.debug_pubnames</name>
         <load_address>0x392</load_address>
         <run_address>0x392</run_address>
         <size>0xeb</size>
         <input_file_ref idref="fl-2"/>
      </object_component>
      <object_component id="oc-6b">
         <name>.debug_pubnames</name>
         <load_address>0x47d</load_address>
         <run_address>0x47d</run_address>
         <size>0x214</size>
         <input_file_ref idref="fl-4"/>
      </object_component>
      <object_component id="oc-71">
         <name>.debug_pubnames</name>
         <load_address>0x691</load_address>
         <run_address>0x691</run_address>
         <size>0x27</size>
         <input_file_ref idref="fl-7"/>
      </object_component>
      <object_component id="oc-77">
         <name>.debug_pubnames</name>
         <load_address>0x6b8</load_address>
         <run_address>0x6b8</run_address>
         <size>0x154</size>
         <input_file_ref idref="fl-3"/>
      </object_component>
      <object_component id="oc-87">
         <name>.debug_pubnames</name>
         <load_address>0x80c</load_address>
         <run_address>0x80c</run_address>
         <size>0x1e</size>
         <input_file_ref idref="fl-8a"/>
      </object_component>
      <object_component id="oc-8c">
         <name>.debug_pubnames</name>
         <load_address>0x82a</load_address>
         <run_address>0x82a</run_address>
         <size>0x24</size>
         <input_file_ref idref="fl-8b"/>
      </object_component>
      <object_component id="oc-91">
         <name>.debug_pubnames</name>
         <load_address>0x84e</load_address>
         <run_address>0x84e</run_address>
         <size>0x24</size>
         <input_file_ref idref="fl-89"/>
      </object_component>
      <object_component id="oc-9c">
         <name>.debug_pubnames</name>
         <load_address>0x872</load_address>
         <run_address>0x872</run_address>
         <size>0x56</size>
         <input_file_ref idref="fl-85"/>
      </object_component>
      <object_component id="oc-a0">
         <name>.debug_pubnames</name>
         <load_address>0x8c8</load_address>
         <run_address>0x8c8</run_address>
         <size>0x1c</size>
         <input_file_ref idref="fl-85"/>
      </object_component>
      <object_component id="oc-7">
         <name>.debug_line</name>
         <load_address>0x0</load_address>
         <run_address>0x0</run_address>
         <size>0xbe</size>
         <input_file_ref idref="fl-5"/>
      </object_component>
      <object_component id="oc-b">
         <name>.debug_line</name>
         <load_address>0xbe</load_address>
         <run_address>0xbe</run_address>
         <size>0x40</size>
         <input_file_ref idref="fl-81"/>
      </object_component>
      <object_component id="oc-10">
         <name>.debug_line</name>
         <load_address>0xfe</load_address>
         <run_address>0xfe</run_address>
         <size>0x4b</size>
         <input_file_ref idref="fl-82"/>
      </object_component>
      <object_component id="oc-15">
         <name>.debug_line</name>
         <load_address>0x149</load_address>
         <run_address>0x149</run_address>
         <size>0x59</size>
         <input_file_ref idref="fl-84"/>
      </object_component>
      <object_component id="oc-1a">
         <name>.debug_line</name>
         <load_address>0x1a2</load_address>
         <run_address>0x1a2</run_address>
         <size>0x4a</size>
         <input_file_ref idref="fl-83"/>
      </object_component>
      <object_component id="oc-1f">
         <name>.debug_line</name>
         <load_address>0x1ec</load_address>
         <run_address>0x1ec</run_address>
         <size>0x1a6</size>
         <input_file_ref idref="fl-4"/>
      </object_component>
      <object_component id="oc-26">
         <name>.debug_line</name>
         <load_address>0x392</load_address>
         <run_address>0x392</run_address>
         <size>0x4e</size>
         <input_file_ref idref="fl-6"/>
      </object_component>
      <object_component id="oc-2b">
         <name>.debug_line</name>
         <load_address>0x3e0</load_address>
         <run_address>0x3e0</run_address>
         <size>0x5f</size>
         <input_file_ref idref="fl-6"/>
      </object_component>
      <object_component id="oc-34">
         <name>.debug_line</name>
         <load_address>0x43f</load_address>
         <run_address>0x43f</run_address>
         <size>0x50</size>
         <input_file_ref idref="fl-88"/>
      </object_component>
      <object_component id="oc-39">
         <name>.debug_line</name>
         <load_address>0x48f</load_address>
         <run_address>0x48f</run_address>
         <size>0x42</size>
         <input_file_ref idref="fl-87"/>
      </object_component>
      <object_component id="oc-3e">
         <name>.debug_line</name>
         <load_address>0x4d1</load_address>
         <run_address>0x4d1</run_address>
         <size>0x3e</size>
         <input_file_ref idref="fl-85"/>
      </object_component>
      <object_component id="oc-45">
         <name>.debug_line</name>
         <load_address>0x50f</load_address>
         <run_address>0x50f</run_address>
         <size>0x4d</size>
         <input_file_ref idref="fl-86"/>
      </object_component>
      <object_component id="oc-49">
         <name>.debug_line</name>
         <load_address>0x55c</load_address>
         <run_address>0x55c</run_address>
         <size>0x3a</size>
         <input_file_ref idref="fl-82"/>
      </object_component>
      <object_component id="oc-4f">
         <name>.debug_line</name>
         <load_address>0x596</load_address>
         <run_address>0x596</run_address>
         <size>0x34</size>
         <input_file_ref idref="fl-84"/>
      </object_component>
      <object_component id="oc-56">
         <name>.debug_line</name>
         <load_address>0x5ca</load_address>
         <run_address>0x5ca</run_address>
         <size>0x62</size>
         <input_file_ref idref="fl-83"/>
      </object_component>
      <object_component id="oc-5b">
         <name>.debug_line</name>
         <load_address>0x62c</load_address>
         <run_address>0x62c</run_address>
         <size>0x39</size>
         <input_file_ref idref="fl-83"/>
      </object_component>
      <object_component id="oc-66">
         <name>.debug_line</name>
         <load_address>0x665</load_address>
         <run_address>0x665</run_address>
         <size>0x1f4</size>
         <input_file_ref idref="fl-2"/>
      </object_component>
      <object_component id="oc-6c">
         <name>.debug_line</name>
         <load_address>0x859</load_address>
         <run_address>0x859</run_address>
         <size>0x303</size>
         <input_file_ref idref="fl-4"/>
      </object_component>
      <object_component id="oc-72">
         <name>.debug_line</name>
         <load_address>0xb5c</load_address>
         <run_address>0xb5c</run_address>
         <size>0x7d</size>
         <input_file_ref idref="fl-7"/>
      </object_component>
      <object_component id="oc-78">
         <name>.debug_line</name>
         <load_address>0xbd9</load_address>
         <run_address>0xbd9</run_address>
         <size>0x16c</size>
         <input_file_ref idref="fl-3"/>
      </object_component>
      <object_component id="oc-7d">
         <name>.debug_line</name>
         <load_address>0xd45</load_address>
         <run_address>0xd45</run_address>
         <size>0x20</size>
         <input_file_ref idref="fl-4"/>
      </object_component>
      <object_component id="oc-82">
         <name>.debug_line</name>
         <load_address>0xd65</load_address>
         <run_address>0xd65</run_address>
         <size>0x2a</size>
         <input_file_ref idref="fl-81"/>
      </object_component>
      <object_component id="oc-88">
         <name>.debug_line</name>
         <load_address>0xd8f</load_address>
         <run_address>0xd8f</run_address>
         <size>0x47</size>
         <input_file_ref idref="fl-8a"/>
      </object_component>
      <object_component id="oc-8d">
         <name>.debug_line</name>
         <load_address>0xdd6</load_address>
         <run_address>0xdd6</run_address>
         <size>0x49</size>
         <input_file_ref idref="fl-8b"/>
      </object_component>
      <object_component id="oc-92">
         <name>.debug_line</name>
         <load_address>0xe1f</load_address>
         <run_address>0xe1f</run_address>
         <size>0x4a</size>
         <input_file_ref idref="fl-89"/>
      </object_component>
      <object_component id="oc-97">
         <name>.debug_line</name>
         <load_address>0xe69</load_address>
         <run_address>0xe69</run_address>
         <size>0x20</size>
         <input_file_ref idref="fl-81"/>
      </object_component>
      <object_component id="oc-a1">
         <name>.debug_line</name>
         <load_address>0xe89</load_address>
         <run_address>0xe89</run_address>
         <size>0x38</size>
         <input_file_ref idref="fl-85"/>
      </object_component>
      <object_component id="oc-a5">
         <name>.debug_line</name>
         <load_address>0xec1</load_address>
         <run_address>0xec1</run_address>
         <size>0x20</size>
         <input_file_ref idref="fl-82"/>
      </object_component>
      <object_component id="oc-ab">
         <name>.debug_line</name>
         <load_address>0xee1</load_address>
         <run_address>0xee1</run_address>
         <size>0x44</size>
         <input_file_ref idref="fl-82"/>
      </object_component>
      <object_component id="oc-b1">
         <name>.debug_line</name>
         <load_address>0xf25</load_address>
         <run_address>0xf25</run_address>
         <size>0x44</size>
         <input_file_ref idref="fl-83"/>
      </object_component>
      <object_component id="oc-b7">
         <name>.debug_line</name>
         <load_address>0xf69</load_address>
         <run_address>0xf69</run_address>
         <size>0x20</size>
         <input_file_ref idref="fl-83"/>
      </object_component>
      <object_component id="oc-b9">
         <name>.debug_line</name>
         <load_address>0xf89</load_address>
         <run_address>0xf89</run_address>
         <size>0x32</size>
         <input_file_ref idref="fl-4"/>
      </object_component>
      <object_component id="oc-bf">
         <name>.debug_line</name>
         <load_address>0xfbb</load_address>
         <run_address>0xfbb</run_address>
         <size>0x20</size>
         <input_file_ref idref="fl-2"/>
      </object_component>
      <object_component id="oc-c7">
         <name>.debug_line</name>
         <load_address>0xfdb</load_address>
         <run_address>0xfdb</run_address>
         <size>0x2a</size>
         <input_file_ref idref="fl-81"/>
      </object_component>
      <object_component id="oc-ce">
         <name>.debug_line</name>
         <load_address>0x1005</load_address>
         <run_address>0x1005</run_address>
         <size>0x2a</size>
         <input_file_ref idref="fl-85"/>
      </object_component>
      <object_component id="oc-d2">
         <name>.debug_line</name>
         <load_address>0x102f</load_address>
         <run_address>0x102f</run_address>
         <size>0x20</size>
         <input_file_ref idref="fl-82"/>
      </object_component>
      <object_component id="oc-d4">
         <name>.debug_line</name>
         <load_address>0x104f</load_address>
         <run_address>0x104f</run_address>
         <size>0x20</size>
         <input_file_ref idref="fl-84"/>
      </object_component>
      <object_component id="oc-d6">
         <name>.debug_line</name>
         <load_address>0x106f</load_address>
         <run_address>0x106f</run_address>
         <size>0x6b</size>
         <input_file_ref idref="fl-4"/>
      </object_component>
      <object_component id="oc-d9">
         <name>.debug_line</name>
         <load_address>0x10da</load_address>
         <run_address>0x10da</run_address>
         <size>0x80</size>
         <input_file_ref idref="fl-4"/>
      </object_component>
      <object_component id="oc-dd">
         <name>.debug_line</name>
         <load_address>0x115a</load_address>
         <run_address>0x115a</run_address>
         <size>0x20</size>
         <input_file_ref idref="fl-7"/>
      </object_component>
      <object_component id="oc-df">
         <name>.debug_line</name>
         <load_address>0x117a</load_address>
         <run_address>0x117a</run_address>
         <size>0x51</size>
         <input_file_ref idref="fl-8a"/>
      </object_component>
      <object_component id="oc-e2">
         <name>.debug_line</name>
         <load_address>0x11cb</load_address>
         <run_address>0x11cb</run_address>
         <size>0x45</size>
         <input_file_ref idref="fl-8a"/>
      </object_component>
      <object_component id="oc-e6">
         <name>.debug_line</name>
         <load_address>0x1210</load_address>
         <run_address>0x1210</run_address>
         <size>0x29</size>
         <input_file_ref idref="fl-8b"/>
      </object_component>
      <object_component id="oc-e8">
         <name>.debug_line</name>
         <load_address>0x1239</load_address>
         <run_address>0x1239</run_address>
         <size>0x43</size>
         <input_file_ref idref="fl-85"/>
      </object_component>
      <object_component id="oc-20">
         <name>.debug_frame</name>
         <load_address>0x0</load_address>
         <run_address>0x0</run_address>
         <size>0x1385</size>
         <input_file_ref idref="fl-4"/>
      </object_component>
      <object_component id="oc-27">
         <name>.debug_frame</name>
         <load_address>0x1385</load_address>
         <run_address>0x1385</run_address>
         <size>0x127</size>
         <input_file_ref idref="fl-6"/>
      </object_component>
      <object_component id="oc-2c">
         <name>.debug_frame</name>
         <load_address>0x14ac</load_address>
         <run_address>0x14ac</run_address>
         <size>0x24c</size>
         <input_file_ref idref="fl-6"/>
      </object_component>
      <object_component id="oc-67">
         <name>.debug_frame</name>
         <load_address>0x16f8</load_address>
         <run_address>0x16f8</run_address>
         <size>0x211</size>
         <input_file_ref idref="fl-2"/>
      </object_component>
      <object_component id="oc-6d">
         <name>.debug_frame</name>
         <load_address>0x1909</load_address>
         <run_address>0x1909</run_address>
         <size>0x376</size>
         <input_file_ref idref="fl-4"/>
      </object_component>
      <object_component id="oc-73">
         <name>.debug_frame</name>
         <load_address>0x1c7f</load_address>
         <run_address>0x1c7f</run_address>
         <size>0x128</size>
         <input_file_ref idref="fl-7"/>
      </object_component>
      <object_component id="oc-79">
         <name>.debug_frame</name>
         <load_address>0x1da7</load_address>
         <run_address>0x1da7</run_address>
         <size>0x20d</size>
         <input_file_ref idref="fl-3"/>
      </object_component>
      <object_component id="oc-3f">
         <name>.debug_abbrev</name>
         <load_address>0x0</load_address>
         <run_address>0x0</run_address>
         <size>0x24</size>
         <input_file_ref idref="fl-5"/>
      </object_component>
      <object_component id="oc-40">
         <name>.debug_abbrev</name>
         <load_address>0x24</load_address>
         <run_address>0x24</run_address>
         <size>0x69</size>
         <input_file_ref idref="fl-81"/>
      </object_component>
      <object_component id="oc-46">
         <name>.debug_abbrev</name>
         <load_address>0x8d</load_address>
         <run_address>0x8d</run_address>
         <size>0x69</size>
         <input_file_ref idref="fl-82"/>
      </object_component>
      <object_component id="oc-4a">
         <name>.debug_abbrev</name>
         <load_address>0xf6</load_address>
         <run_address>0xf6</run_address>
         <size>0x24</size>
         <input_file_ref idref="fl-82"/>
      </object_component>
      <object_component id="oc-4c">
         <name>.debug_abbrev</name>
         <load_address>0x11a</load_address>
         <run_address>0x11a</run_address>
         <size>0x85</size>
         <input_file_ref idref="fl-84"/>
      </object_component>
      <object_component id="oc-50">
         <name>.debug_abbrev</name>
         <load_address>0x19f</load_address>
         <run_address>0x19f</run_address>
         <size>0x24</size>
         <input_file_ref idref="fl-84"/>
      </object_component>
      <object_component id="oc-57">
         <name>.debug_abbrev</name>
         <load_address>0x1c3</load_address>
         <run_address>0x1c3</run_address>
         <size>0x74</size>
         <input_file_ref idref="fl-83"/>
      </object_component>
      <object_component id="oc-5c">
         <name>.debug_abbrev</name>
         <load_address>0x237</load_address>
         <run_address>0x237</run_address>
         <size>0x24</size>
         <input_file_ref idref="fl-83"/>
      </object_component>
      <object_component id="oc-61">
         <name>.debug_abbrev</name>
         <load_address>0x25b</load_address>
         <run_address>0x25b</run_address>
         <size>0x62</size>
         <input_file_ref idref="fl-4"/>
      </object_component>
      <object_component id="oc-7a">
         <name>.debug_abbrev</name>
         <load_address>0x2bd</load_address>
         <run_address>0x2bd</run_address>
         <size>0x73</size>
         <input_file_ref idref="fl-6"/>
      </object_component>
      <object_component id="oc-7e">
         <name>.debug_abbrev</name>
         <load_address>0x330</load_address>
         <run_address>0x330</run_address>
         <size>0x32</size>
         <input_file_ref idref="fl-4"/>
      </object_component>
      <object_component id="oc-80">
         <name>.debug_abbrev</name>
         <load_address>0x362</load_address>
         <run_address>0x362</run_address>
         <size>0x6d</size>
         <input_file_ref idref="fl-6"/>
      </object_component>
      <object_component id="oc-81">
         <name>.debug_abbrev</name>
         <load_address>0x3cf</load_address>
         <run_address>0x3cf</run_address>
         <size>0x29</size>
         <input_file_ref idref="fl-81"/>
      </object_component>
      <object_component id="oc-93">
         <name>.debug_abbrev</name>
         <load_address>0x3f8</load_address>
         <run_address>0x3f8</run_address>
         <size>0x94</size>
         <input_file_ref idref="fl-88"/>
      </object_component>
      <object_component id="oc-94">
         <name>.debug_abbrev</name>
         <load_address>0x48c</load_address>
         <run_address>0x48c</run_address>
         <size>0x5d</size>
         <input_file_ref idref="fl-87"/>
      </object_component>
      <object_component id="oc-98">
         <name>.debug_abbrev</name>
         <load_address>0x4e9</load_address>
         <run_address>0x4e9</run_address>
         <size>0x32</size>
         <input_file_ref idref="fl-81"/>
      </object_component>
      <object_component id="oc-a2">
         <name>.debug_abbrev</name>
         <load_address>0x51b</load_address>
         <run_address>0x51b</run_address>
         <size>0x83</size>
         <input_file_ref idref="fl-85"/>
      </object_component>
      <object_component id="oc-a6">
         <name>.debug_abbrev</name>
         <load_address>0x59e</load_address>
         <run_address>0x59e</run_address>
         <size>0x32</size>
         <input_file_ref idref="fl-82"/>
      </object_component>
      <object_component id="oc-a8">
         <name>.debug_abbrev</name>
         <load_address>0x5d0</load_address>
         <run_address>0x5d0</run_address>
         <size>0x40</size>
         <input_file_ref idref="fl-86"/>
      </object_component>
      <object_component id="oc-ac">
         <name>.debug_abbrev</name>
         <load_address>0x610</load_address>
         <run_address>0x610</run_address>
         <size>0x24</size>
         <input_file_ref idref="fl-82"/>
      </object_component>
      <object_component id="oc-b2">
         <name>.debug_abbrev</name>
         <load_address>0x634</load_address>
         <run_address>0x634</run_address>
         <size>0x24</size>
         <input_file_ref idref="fl-83"/>
      </object_component>
      <object_component id="oc-b5">
         <name>.debug_abbrev</name>
         <load_address>0x658</load_address>
         <run_address>0x658</run_address>
         <size>0x97</size>
         <input_file_ref idref="fl-83"/>
      </object_component>
      <object_component id="oc-b6">
         <name>.debug_abbrev</name>
         <load_address>0x6ef</load_address>
         <run_address>0x6ef</run_address>
         <size>0x5e</size>
         <input_file_ref idref="fl-83"/>
      </object_component>
      <object_component id="oc-b8">
         <name>.debug_abbrev</name>
         <load_address>0x74d</load_address>
         <run_address>0x74d</run_address>
         <size>0x27</size>
         <input_file_ref idref="fl-4"/>
      </object_component>
      <object_component id="oc-bc">
         <name>.debug_abbrev</name>
         <load_address>0x774</load_address>
         <run_address>0x774</run_address>
         <size>0xf7</size>
         <input_file_ref idref="fl-2"/>
      </object_component>
      <object_component id="oc-c0">
         <name>.debug_abbrev</name>
         <load_address>0x86b</load_address>
         <run_address>0x86b</run_address>
         <size>0x2b</size>
         <input_file_ref idref="fl-2"/>
      </object_component>
      <object_component id="oc-c2">
         <name>.debug_abbrev</name>
         <load_address>0x896</load_address>
         <run_address>0x896</run_address>
         <size>0x143</size>
         <input_file_ref idref="fl-4"/>
      </object_component>
      <object_component id="oc-c3">
         <name>.debug_abbrev</name>
         <load_address>0x9d9</load_address>
         <run_address>0x9d9</run_address>
         <size>0x8d</size>
         <input_file_ref idref="fl-7"/>
      </object_component>
      <object_component id="oc-c5">
         <name>.debug_abbrev</name>
         <load_address>0xa66</load_address>
         <run_address>0xa66</run_address>
         <size>0xb8</size>
         <input_file_ref idref="fl-3"/>
      </object_component>
      <object_component id="oc-c6">
         <name>.debug_abbrev</name>
         <load_address>0xb1e</load_address>
         <run_address>0xb1e</run_address>
         <size>0x77</size>
         <input_file_ref idref="fl-81"/>
      </object_component>
      <object_component id="oc-c8">
         <name>.debug_abbrev</name>
         <load_address>0xb95</load_address>
         <run_address>0xb95</run_address>
         <size>0xa2</size>
         <input_file_ref idref="fl-8a"/>
      </object_component>
      <object_component id="oc-ca">
         <name>.debug_abbrev</name>
         <load_address>0xc37</load_address>
         <run_address>0xc37</run_address>
         <size>0x94</size>
         <input_file_ref idref="fl-8b"/>
      </object_component>
      <object_component id="oc-cc">
         <name>.debug_abbrev</name>
         <load_address>0xccb</load_address>
         <run_address>0xccb</run_address>
         <size>0x86</size>
         <input_file_ref idref="fl-89"/>
      </object_component>
      <object_component id="oc-cd">
         <name>.debug_abbrev</name>
         <load_address>0xd51</load_address>
         <run_address>0xd51</run_address>
         <size>0x29</size>
         <input_file_ref idref="fl-85"/>
      </object_component>
      <object_component id="oc-d0">
         <name>.debug_abbrev</name>
         <load_address>0xd7a</load_address>
         <run_address>0xd7a</run_address>
         <size>0x6b</size>
         <input_file_ref idref="fl-85"/>
      </object_component>
      <object_component id="oc-d1">
         <name>.debug_abbrev</name>
         <load_address>0xde5</load_address>
         <run_address>0xde5</run_address>
         <size>0x4c</size>
         <input_file_ref idref="fl-82"/>
      </object_component>
      <object_component id="oc-d3">
         <name>.debug_abbrev</name>
         <load_address>0xe31</load_address>
         <run_address>0xe31</run_address>
         <size>0x5e</size>
         <input_file_ref idref="fl-84"/>
      </object_component>
      <object_component id="oc-d5">
         <name>.debug_abbrev</name>
         <load_address>0xe8f</load_address>
         <run_address>0xe8f</run_address>
         <size>0x97</size>
         <input_file_ref idref="fl-4"/>
      </object_component>
      <object_component id="oc-da">
         <name>.debug_abbrev</name>
         <load_address>0xf26</load_address>
         <run_address>0xf26</run_address>
         <size>0x24</size>
         <input_file_ref idref="fl-4"/>
      </object_component>
      <object_component id="oc-dc">
         <name>.debug_abbrev</name>
         <load_address>0xf4a</load_address>
         <run_address>0xf4a</run_address>
         <size>0x1a</size>
         <input_file_ref idref="fl-7"/>
      </object_component>
      <object_component id="oc-de">
         <name>.debug_abbrev</name>
         <load_address>0xf64</load_address>
         <run_address>0xf64</run_address>
         <size>0x85</size>
         <input_file_ref idref="fl-8a"/>
      </object_component>
      <object_component id="oc-e3">
         <name>.debug_abbrev</name>
         <load_address>0xfe9</load_address>
         <run_address>0xfe9</run_address>
         <size>0x4b</size>
         <input_file_ref idref="fl-8a"/>
      </object_component>
      <object_component id="oc-e5">
         <name>.debug_abbrev</name>
         <load_address>0x1034</load_address>
         <run_address>0x1034</run_address>
         <size>0x9a</size>
         <input_file_ref idref="fl-8b"/>
      </object_component>
      <object_component id="oc-e7">
         <name>.debug_abbrev</name>
         <load_address>0x10ce</load_address>
         <run_address>0x10ce</run_address>
         <size>0x7d</size>
         <input_file_ref idref="fl-85"/>
      </object_component>
      <object_component id="oc-128">
         <name>.debug_abbrev</name>
         <load_address>0x114b</load_address>
         <run_address>0x114b</run_address>
         <size>0xf</size>
      </object_component>
      <object_component id="oc-48">
         <name>.debug_pubtypes</name>
         <load_address>0x0</load_address>
         <run_address>0x0</run_address>
         <size>0x5e</size>
         <input_file_ref idref="fl-82"/>
      </object_component>
      <object_component id="oc-4e">
         <name>.debug_pubtypes</name>
         <load_address>0x5e</load_address>
         <run_address>0x5e</run_address>
         <size>0x5e</size>
         <input_file_ref idref="fl-84"/>
      </object_component>
      <object_component id="oc-5a">
         <name>.debug_pubtypes</name>
         <load_address>0xbc</load_address>
         <run_address>0xbc</run_address>
         <size>0x4d</size>
         <input_file_ref idref="fl-83"/>
      </object_component>
      <object_component id="oc-7c">
         <name>.debug_pubtypes</name>
         <load_address>0x109</load_address>
         <run_address>0x109</run_address>
         <size>0xf7</size>
         <input_file_ref idref="fl-4"/>
      </object_component>
      <object_component id="oc-96">
         <name>.debug_pubtypes</name>
         <load_address>0x200</load_address>
         <run_address>0x200</run_address>
         <size>0x107</size>
         <input_file_ref idref="fl-81"/>
      </object_component>
      <object_component id="oc-a4">
         <name>.debug_pubtypes</name>
         <load_address>0x307</load_address>
         <run_address>0x307</run_address>
         <size>0xf7</size>
         <input_file_ref idref="fl-82"/>
      </object_component>
      <object_component id="oc-aa">
         <name>.debug_pubtypes</name>
         <load_address>0x3fe</load_address>
         <run_address>0x3fe</run_address>
         <size>0x37</size>
         <input_file_ref idref="fl-82"/>
      </object_component>
      <object_component id="oc-b0">
         <name>.debug_pubtypes</name>
         <load_address>0x435</load_address>
         <run_address>0x435</run_address>
         <size>0x1d</size>
         <input_file_ref idref="fl-83"/>
      </object_component>
      <object_component id="oc-be">
         <name>.debug_pubtypes</name>
         <load_address>0x452</load_address>
         <run_address>0x452</run_address>
         <size>0xee</size>
         <input_file_ref idref="fl-2"/>
      </object_component>
      <object_component id="oc-d8">
         <name>.debug_pubtypes</name>
         <load_address>0x540</load_address>
         <run_address>0x540</run_address>
         <size>0x1f</size>
         <input_file_ref idref="fl-4"/>
      </object_component>
      <object_component id="oc-e1">
         <name>.debug_pubtypes</name>
         <load_address>0x55f</load_address>
         <run_address>0x55f</run_address>
         <size>0x50</size>
         <input_file_ref idref="fl-8a"/>
      </object_component>
      <object_component id="oc-4b">
         <name>.debug_str</name>
         <load_address>0x0</load_address>
         <run_address>0x0</run_address>
         <size>0xc5</size>
         <input_file_ref idref="fl-82"/>
      </object_component>
      <object_component id="oc-51">
         <name>.debug_str</name>
         <load_address>0xc5</load_address>
         <run_address>0xc5</run_address>
         <size>0xbf</size>
         <input_file_ref idref="fl-84"/>
      </object_component>
      <object_component id="oc-5d">
         <name>.debug_str</name>
         <load_address>0x184</load_address>
         <run_address>0x184</run_address>
         <size>0xb7</size>
         <input_file_ref idref="fl-83"/>
      </object_component>
      <object_component id="oc-7f">
         <name>.debug_str</name>
         <load_address>0x23b</load_address>
         <run_address>0x23b</run_address>
         <size>0x172</size>
         <input_file_ref idref="fl-4"/>
      </object_component>
      <object_component id="oc-99">
         <name>.debug_str</name>
         <load_address>0x3ad</load_address>
         <run_address>0x3ad</run_address>
         <size>0x117</size>
         <input_file_ref idref="fl-81"/>
      </object_component>
      <object_component id="oc-a7">
         <name>.debug_str</name>
         <load_address>0x4c4</load_address>
         <run_address>0x4c4</run_address>
         <size>0x117</size>
         <input_file_ref idref="fl-82"/>
      </object_component>
      <object_component id="oc-ad">
         <name>.debug_str</name>
         <load_address>0x5db</load_address>
         <run_address>0x5db</run_address>
         <size>0xac</size>
         <input_file_ref idref="fl-82"/>
      </object_component>
      <object_component id="oc-b3">
         <name>.debug_str</name>
         <load_address>0x687</load_address>
         <run_address>0x687</run_address>
         <size>0x9a</size>
         <input_file_ref idref="fl-83"/>
      </object_component>
      <object_component id="oc-c1">
         <name>.debug_str</name>
         <load_address>0x721</load_address>
         <run_address>0x721</run_address>
         <size>0x16d</size>
         <input_file_ref idref="fl-2"/>
      </object_component>
      <object_component id="oc-db">
         <name>.debug_str</name>
         <load_address>0x88e</load_address>
         <run_address>0x88e</run_address>
         <size>0x133</size>
         <input_file_ref idref="fl-4"/>
      </object_component>
      <object_component id="oc-e4">
         <name>.debug_str</name>
         <load_address>0x9c1</load_address>
         <run_address>0x9c1</run_address>
         <size>0xf1</size>
         <input_file_ref idref="fl-8a"/>
      </object_component>
   </object_component_list>
   <logical_group_list>
      <logical_group id="lg-ea">
         <name>.got</name>
         <run_address>0x0</run_address>
         <size>0x0</size>
         <contents>
         </contents>
      </logical_group>
      <logical_group id="lg-eb">
         <name>.neardata</name>
         <run_address>0x0</run_address>
         <size>0x0</size>
         <contents>
         </contents>
      </logical_group>
      <logical_group id="lg-ec">
         <name>.rodata</name>
         <run_address>0x0</run_address>
         <size>0x0</size>
         <contents>
         </contents>
      </logical_group>
      <logical_group id="lg-ed">
         <name>.bss</name>
         <run_address>0x0</run_address>
         <size>0x0</size>
         <contents>
         </contents>
      </logical_group>
      <logical_group id="lg-e9">
         <name>DEFAULT_NEARDP</name>
         <run_address>0x0</run_address>
         <size>0x0</size>
         <contents>
            <logical_group_ref idref="lg-ea"/>
            <logical_group_ref idref="lg-eb"/>
            <logical_group_ref idref="lg-ec"/>
            <logical_group_ref idref="lg-ed"/>
         </contents>
      </logical_group>
      <logical_group id="lg-ee">
         <name>.text</name>
         <load_address>0x8000</load_address>
         <run_address>0x8000</run_address>
         <size>0x36c0</size>
         <contents>
            <object_component_ref idref="oc-1b"/>
            <object_component_ref idref="oc-68"/>
            <object_component_ref idref="oc-62"/>
            <object_component_ref idref="oc-74"/>
            <object_component_ref idref="oc-21"/>
            <object_component_ref idref="oc-30"/>
            <object_component_ref idref="oc-9d"/>
            <object_component_ref idref="oc-3"/>
            <object_component_ref idref="oc-52"/>
            <object_component_ref idref="oc-6e"/>
            <object_component_ref idref="oc-84"/>
            <object_component_ref idref="oc-11"/>
            <object_component_ref idref="oc-3a"/>
            <object_component_ref idref="oc-89"/>
            <object_component_ref idref="oc-22"/>
            <object_component_ref idref="oc-41"/>
            <object_component_ref idref="oc-2"/>
            <object_component_ref idref="oc-8e"/>
            <object_component_ref idref="oc-35"/>
            <object_component_ref idref="oc-c"/>
            <object_component_ref idref="oc-16"/>
         </contents>
      </logical_group>
      <logical_group id="lg-ef">
         <name>.const</name>
         <run_address>0x0</run_address>
         <size>0x0</size>
         <contents>
         </contents>
      </logical_group>
      <logical_group id="lg-f0">
         <name>.data</name>
         <run_address>0x0</run_address>
         <size>0x0</size>
         <contents>
         </contents>
      </logical_group>
      <logical_group id="lg-f1">
         <name>.fardata</name>
         <load_address>0xc110</load_address>
         <run_address>0xc110</run_address>
         <size>0xc</size>
         <contents>
            <object_component_ref idref="oc-9a"/>
         </contents>
      </logical_group>
      <logical_group id="lg-f2">
         <name>.cinit</name>
         <load_address>0xc120</load_address>
         <run_address>0xc120</run_address>
         <size>0x34</size>
         <contents>
            <object_component_ref idref="oc-11f"/>
            <object_component_ref idref="oc-11d"/>
            <object_component_ref idref="oc-120"/>
            <object_component_ref idref="oc-11e"/>
         </contents>
      </logical_group>
      <logical_group id="lg-f3">
         <name>.init_array</name>
         <run_address>0x0</run_address>
         <size>0x0</size>
         <contents>
         </contents>
      </logical_group>
      <logical_group id="lg-f4">
         <name>.stack</name>
         <run_address>0xb6c0</run_address>
         <size>0x800</size>
         <contents>
            <object_component_ref idref="oc-2d"/>
            <object_component_ref idref="oc-121"/>
         </contents>
      </logical_group>
      <logical_group id="lg-f5">
         <name>.sysmem</name>
         <run_address>0x0</run_address>
         <size>0x0</size>
         <contents>
         </contents>
      </logical_group>
      <logical_group id="lg-f6">
         <name>.far</name>
         <run_address>0xbec0</run_address>
         <size>0x240</size>
         <contents>
            <object_component_ref idref="oc-5e"/>
         </contents>
      </logical_group>
      <logical_group id="lg-f7">
         <name>.switch</name>
         <load_address>0xc100</load_address>
         <run_address>0xc100</run_address>
         <size>0x10</size>
         <contents>
            <object_component_ref idref="oc-bb"/>
         </contents>
      </logical_group>
      <logical_group id="lg-f8">
         <name>.cio</name>
         <run_address>0x0</run_address>
         <size>0x0</size>
         <contents>
         </contents>
      </logical_group>
      <logical_group id="lg-f9">
         <name>.ppinfo</name>
         <run_address>0x0</run_address>
         <size>0x0</size>
         <contents>
         </contents>
      </logical_group>
      <logical_group id="lg-fa">
         <name>.ppdata</name>
         <run_address>0x0</run_address>
         <size>0x0</size>
         <contents>
         </contents>
      </logical_group>
      <logical_group id="lg-10d">
         <name>.debug_info</name>
         <load_address>0x0</load_address>
         <run_address>0x0</run_address>
         <size>0x6000</size>
         <contents>
            <object_component_ref idref="oc-4"/>
            <object_component_ref idref="oc-8"/>
            <object_component_ref idref="oc-d"/>
            <object_component_ref idref="oc-12"/>
            <object_component_ref idref="oc-17"/>
            <object_component_ref idref="oc-1c"/>
            <object_component_ref idref="oc-23"/>
            <object_component_ref idref="oc-28"/>
            <object_component_ref idref="oc-2e"/>
            <object_component_ref idref="oc-31"/>
            <object_component_ref idref="oc-36"/>
            <object_component_ref idref="oc-3b"/>
            <object_component_ref idref="oc-42"/>
            <object_component_ref idref="oc-47"/>
            <object_component_ref idref="oc-4d"/>
            <object_component_ref idref="oc-53"/>
            <object_component_ref idref="oc-58"/>
            <object_component_ref idref="oc-59"/>
            <object_component_ref idref="oc-5f"/>
            <object_component_ref idref="oc-63"/>
            <object_component_ref idref="oc-69"/>
            <object_component_ref idref="oc-6f"/>
            <object_component_ref idref="oc-75"/>
            <object_component_ref idref="oc-7b"/>
            <object_component_ref idref="oc-83"/>
            <object_component_ref idref="oc-85"/>
            <object_component_ref idref="oc-8a"/>
            <object_component_ref idref="oc-8f"/>
            <object_component_ref idref="oc-95"/>
            <object_component_ref idref="oc-9b"/>
            <object_component_ref idref="oc-9e"/>
            <object_component_ref idref="oc-a3"/>
            <object_component_ref idref="oc-a9"/>
            <object_component_ref idref="oc-ae"/>
            <object_component_ref idref="oc-af"/>
            <object_component_ref idref="oc-b4"/>
            <object_component_ref idref="oc-ba"/>
            <object_component_ref idref="oc-bd"/>
            <object_component_ref idref="oc-c4"/>
            <object_component_ref idref="oc-c9"/>
            <object_component_ref idref="oc-cb"/>
            <object_component_ref idref="oc-cf"/>
            <object_component_ref idref="oc-d7"/>
            <object_component_ref idref="oc-e0"/>
            <object_component_ref idref="oc-127"/>
         </contents>
      </logical_group>
      <logical_group id="lg-10f">
         <name>.debug_aranges</name>
         <load_address>0x0</load_address>
         <run_address>0x0</run_address>
         <size>0x470</size>
         <contents>
            <object_component_ref idref="oc-5"/>
            <object_component_ref idref="oc-9"/>
            <object_component_ref idref="oc-e"/>
            <object_component_ref idref="oc-13"/>
            <object_component_ref idref="oc-18"/>
            <object_component_ref idref="oc-1d"/>
            <object_component_ref idref="oc-24"/>
            <object_component_ref idref="oc-29"/>
            <object_component_ref idref="oc-32"/>
            <object_component_ref idref="oc-37"/>
            <object_component_ref idref="oc-3c"/>
            <object_component_ref idref="oc-43"/>
            <object_component_ref idref="oc-54"/>
            <object_component_ref idref="oc-64"/>
            <object_component_ref idref="oc-6a"/>
            <object_component_ref idref="oc-70"/>
            <object_component_ref idref="oc-76"/>
            <object_component_ref idref="oc-86"/>
            <object_component_ref idref="oc-8b"/>
            <object_component_ref idref="oc-90"/>
            <object_component_ref idref="oc-9f"/>
         </contents>
      </logical_group>
      <logical_group id="lg-111">
         <name>.debug_pubnames</name>
         <load_address>0x0</load_address>
         <run_address>0x0</run_address>
         <size>0x8e4</size>
         <contents>
            <object_component_ref idref="oc-6"/>
            <object_component_ref idref="oc-a"/>
            <object_component_ref idref="oc-f"/>
            <object_component_ref idref="oc-14"/>
            <object_component_ref idref="oc-19"/>
            <object_component_ref idref="oc-1e"/>
            <object_component_ref idref="oc-25"/>
            <object_component_ref idref="oc-2a"/>
            <object_component_ref idref="oc-2f"/>
            <object_component_ref idref="oc-33"/>
            <object_component_ref idref="oc-38"/>
            <object_component_ref idref="oc-3d"/>
            <object_component_ref idref="oc-44"/>
            <object_component_ref idref="oc-55"/>
            <object_component_ref idref="oc-60"/>
            <object_component_ref idref="oc-65"/>
            <object_component_ref idref="oc-6b"/>
            <object_component_ref idref="oc-71"/>
            <object_component_ref idref="oc-77"/>
            <object_component_ref idref="oc-87"/>
            <object_component_ref idref="oc-8c"/>
            <object_component_ref idref="oc-91"/>
            <object_component_ref idref="oc-9c"/>
            <object_component_ref idref="oc-a0"/>
         </contents>
      </logical_group>
      <logical_group id="lg-113">
         <name>.debug_line</name>
         <load_address>0x0</load_address>
         <run_address>0x0</run_address>
         <size>0x127c</size>
         <contents>
            <object_component_ref idref="oc-7"/>
            <object_component_ref idref="oc-b"/>
            <object_component_ref idref="oc-10"/>
            <object_component_ref idref="oc-15"/>
            <object_component_ref idref="oc-1a"/>
            <object_component_ref idref="oc-1f"/>
            <object_component_ref idref="oc-26"/>
            <object_component_ref idref="oc-2b"/>
            <object_component_ref idref="oc-34"/>
            <object_component_ref idref="oc-39"/>
            <object_component_ref idref="oc-3e"/>
            <object_component_ref idref="oc-45"/>
            <object_component_ref idref="oc-49"/>
            <object_component_ref idref="oc-4f"/>
            <object_component_ref idref="oc-56"/>
            <object_component_ref idref="oc-5b"/>
            <object_component_ref idref="oc-66"/>
            <object_component_ref idref="oc-6c"/>
            <object_component_ref idref="oc-72"/>
            <object_component_ref idref="oc-78"/>
            <object_component_ref idref="oc-7d"/>
            <object_component_ref idref="oc-82"/>
            <object_component_ref idref="oc-88"/>
            <object_component_ref idref="oc-8d"/>
            <object_component_ref idref="oc-92"/>
            <object_component_ref idref="oc-97"/>
            <object_component_ref idref="oc-a1"/>
            <object_component_ref idref="oc-a5"/>
            <object_component_ref idref="oc-ab"/>
            <object_component_ref idref="oc-b1"/>
            <object_component_ref idref="oc-b7"/>
            <object_component_ref idref="oc-b9"/>
            <object_component_ref idref="oc-bf"/>
            <object_component_ref idref="oc-c7"/>
            <object_component_ref idref="oc-ce"/>
            <object_component_ref idref="oc-d2"/>
            <object_component_ref idref="oc-d4"/>
            <object_component_ref idref="oc-d6"/>
            <object_component_ref idref="oc-d9"/>
            <object_component_ref idref="oc-dd"/>
            <object_component_ref idref="oc-df"/>
            <object_component_ref idref="oc-e2"/>
            <object_component_ref idref="oc-e6"/>
            <object_component_ref idref="oc-e8"/>
         </contents>
      </logical_group>
      <logical_group id="lg-115">
         <name>.debug_frame</name>
         <load_address>0x0</load_address>
         <run_address>0x0</run_address>
         <size>0x1fb4</size>
         <contents>
            <object_component_ref idref="oc-20"/>
            <object_component_ref idref="oc-27"/>
            <object_component_ref idref="oc-2c"/>
            <object_component_ref idref="oc-67"/>
            <object_component_ref idref="oc-6d"/>
            <object_component_ref idref="oc-73"/>
            <object_component_ref idref="oc-79"/>
         </contents>
      </logical_group>
      <logical_group id="lg-117">
         <name>.debug_abbrev</name>
         <load_address>0x0</load_address>
         <run_address>0x0</run_address>
         <size>0x115a</size>
         <contents>
            <object_component_ref idref="oc-3f"/>
            <object_component_ref idref="oc-40"/>
            <object_component_ref idref="oc-46"/>
            <object_component_ref idref="oc-4a"/>
            <object_component_ref idref="oc-4c"/>
            <object_component_ref idref="oc-50"/>
            <object_component_ref idref="oc-57"/>
            <object_component_ref idref="oc-5c"/>
            <object_component_ref idref="oc-61"/>
            <object_component_ref idref="oc-7a"/>
            <object_component_ref idref="oc-7e"/>
            <object_component_ref idref="oc-80"/>
            <object_component_ref idref="oc-81"/>
            <object_component_ref idref="oc-93"/>
            <object_component_ref idref="oc-94"/>
            <object_component_ref idref="oc-98"/>
            <object_component_ref idref="oc-a2"/>
            <object_component_ref idref="oc-a6"/>
            <object_component_ref idref="oc-a8"/>
            <object_component_ref idref="oc-ac"/>
            <object_component_ref idref="oc-b2"/>
            <object_component_ref idref="oc-b5"/>
            <object_component_ref idref="oc-b6"/>
            <object_component_ref idref="oc-b8"/>
            <object_component_ref idref="oc-bc"/>
            <object_component_ref idref="oc-c0"/>
            <object_component_ref idref="oc-c2"/>
            <object_component_ref idref="oc-c3"/>
            <object_component_ref idref="oc-c5"/>
            <object_component_ref idref="oc-c6"/>
            <object_component_ref idref="oc-c8"/>
            <object_component_ref idref="oc-ca"/>
            <object_component_ref idref="oc-cc"/>
            <object_component_ref idref="oc-cd"/>
            <object_component_ref idref="oc-d0"/>
            <object_component_ref idref="oc-d1"/>
            <object_component_ref idref="oc-d3"/>
            <object_component_ref idref="oc-d5"/>
            <object_component_ref idref="oc-da"/>
            <object_component_ref idref="oc-dc"/>
            <object_component_ref idref="oc-de"/>
            <object_component_ref idref="oc-e3"/>
            <object_component_ref idref="oc-e5"/>
            <object_component_ref idref="oc-e7"/>
            <object_component_ref idref="oc-128"/>
         </contents>
      </logical_group>
[...]
            <object_component_ref idref="oc-e1"/>
         </contents>
      </logical_group>
      <logical_group id="lg-11b">
         <name>.debug_str</name>
         <load_address>0x0</load_address>
         <run_address>0x0</run_address>
         <size>0xab2</size>
         <contents>
            <object_component_ref idref="oc-4b"/>
            <object_component_ref idref="oc-51"/>
            <object_component_ref idref="oc-5d"/>
            <object_component_ref idref="oc-7f"/>
            <object_component_ref idref="oc-99"/>
            <object_component_ref idref="oc-a7"/>
            <object_component_ref idref="oc-ad"/>
            <object_component_ref idref="oc-b3"/>
            <object_component_ref idref="oc-c1"/>
            <object_component_ref idref="oc-db"/>
            <object_component_ref idref="oc-e4"/>
         </contents>
      </logical_group>
      <load_segment id="lg-12a">
         <name>SEGMENT_0</name>
         <load_address>0x8000</load_address>
         <run_address>0x8000</run_address>
         <size>0x36c0</size>
         <flags>0x5</flags>
         <contents>
            <logical_group_ref idref="lg-ee"/>
         </contents>
      </load_segment>
      <load_segment id="lg-12b">
         <name>SEGMENT_1</name>
         <run_address>0xb6c0</run_address>
         <size>0xa40</size>
         <flags>0x6</flags>
         <contents>
            <logical_group_ref idref="lg-f4"/>
            <logical_group_ref idref="lg-f6"/>
         </contents>
      </load_segment>
      <load_segment id="lg-12c">
         <name>SEGMENT_2</name>
         <load_address>0xc100</load_address>
         <run_address>0xc100</run_address>
         <size>0x10</size>
         <flags>0x4</flags>
         <contents>
            <logical_group_ref idref="lg-f7"/>
         </contents>
      </load_segment>
      <load_segment id="lg-12d">
         <name>SEGMENT_3</name>
         <load_address>0xc110</load_address>
         <run_address>0xc110</run_address>
         <size>0xc</size>
         <flags>0x6</flags>
         <contents>
            <logical_group_ref idref="lg-f1"/>
         </contents>
      </load_segment>
      <load_segment id="lg-12e">
         <name>SEGMENT_4</name>
         <load_address>0xc120</load_address>
         <run_address>0xc120</run_address>
         <size>0x34</size>
         <flags>0x4</flags>
         <contents>
            <logical_group_ref idref="lg-f2"/>
         </contents>
      </load_segment>
   </logical_group_list>
   <placement_map>
      <memory_area>
         <name>NEARRAM</name>
         <page_id>0x0</page_id>
         <origin>0x1</origin>
         <length>0x7fff</length>
         <used_space>0x0</used_space>
         <unused_space>0x7fff</unused_space>
         <attributes>RWIX</attributes>
         <usage_details>
         </usage_details>
      </memory_area>
      <memory_area>
         <name>RAM</name>
         <page_id>0x0</page_id>
         <origin>0x8000</origin>
         <length>0xfffffffe</length>
         <used_space>0x4150</used_space>
         <unused_space>0xffffbeae</unused_space>
         <attributes>RWIX</attributes>
         <usage_details>
            <allocated_space>
               <start_address>0x8000</start_address>
               <size>0x36c0</size>
               <logical_group_ref idref="lg-ee"/>
            </allocated_space>
            <allocated_space>
               <start_address>0xb6c0</start_address>
               <size>0x800</size>
               <logical_group_ref idref="lg-f4"/>
            </allocated_space>
            <allocated_space>
               <start_address>0xbec0</start_address>
               <size>0x240</size>
               <logical_group_ref idref="lg-f6"/>
            </allocated_space>
            <allocated_space>
               <start_address>0xc100</start_address>
               <size>0x10</size>
               <logical_group_ref idref="lg-f7"/>
            </allocated_space>
            <allocated_space>
               <start_address>0xc110</start_address>
               <size>0xc</size>
               <logical_group_ref idref="lg-f1"/>
            </allocated_space>
            <available_space>
               <start_address>0xc11c</start_address>
               <size>0x4</size>
            </available_space>
            <allocated_space>
               <start_address>0xc120</start_address>
               <size>0x34</size>
               <logical_group_ref idref="lg-f2"/>
            </allocated_space>
            <available_space>
               <start_address>0xc154</start_address>
               <size>0xffffbeaa</size>
            </available_space>
         </usage_details>
      </memory_area>
   </placement_map>
   <cptbl_list>
      <cptbl>
         <name>__TI_cinit_table</name>
         <cprec>
            <name>.fardata</name>
            <load_address>0xc120</load_address>
            <load_size>0xd</load_size>
            <run_address>0xc110</run_address>
            <run_size>0xc</run_size>
            <compression>rle</compression>
         </cprec>
         <cprec>
            <name>.far</name>
            <load_address>0xc13c</load_address>
            <load_size>0x8</load_size>
            <run_address>0xbec0</run_address>
            <run_size>0x240</run_size>
            <compression>zero_init</compression>
         </cprec>
      </cptbl>
   </cptbl_list>
   <handler_table>
      <handler_table_name>__TI_handler_table</handler_table_name>
      <handler>
         <index>0x0</index>
         <name>__TI_decompress_rle24</name>
      </handler>
      <handler>
         <index>0x1</index>
         <name>__TI_decompress_none</name>
      </handler>
      <handler>
         <index>0x2</index>
         <name>__TI_zero_init</name>
      </handler>
   </handler_table>
   <symbol_table>
      <symbol id="sm-1">
         <name>__TI_CINIT_Base</name>
         <value>0xc144</value>
      </symbol>
      <symbol id="sm-2">
         <name>__TI_CINIT_Limit</name>
         <value>0xc154</value>
      </symbol>
      <symbol id="sm-3">
         <name>__TI_Handler_Table_Base</name>
         <value>0xc130</value>
      </symbol>
      <symbol id="sm-4">
         <name>__TI_Handler_Table_Limit</name>
         <value>0xc13c</value>
      </symbol>
      <symbol id="sm-5">
         <name>binit</name>
         <value>0xffffffff</value>
      </symbol>
      <symbol id="sm-6">
         <name>__binit__</name>
         <value>0xffffffff</value>
      </symbol>
      <symbol id="sm-7">
         <name>__TI_STACK_SIZE</name>
         <value>0x800</value>
      </symbol>
      <symbol id="sm-8">
         <name>__TI_STACK_END</name>
         <value>0xbec0</value>
      </symbol>
      <symbol id="sm-9">
         <name>__c_args__</name>
         <value>0xffffffff</value>
      </symbol>
      <symbol id="sm-a">
         <name>__TI_pprof_out_hndl</name>
         <value>0xffffffff</value>
      </symbol>
      <symbol id="sm-b">
         <name>__TI_prof_data_start</name>
         <value>0xffffffff</value>
      </symbol>
      <symbol id="sm-c">
         <name>__TI_prof_data_size</name>
         <value>0xffffffff</value>
      </symbol>
      <symbol id="sm-44">
         <name>GPIOPinIntClear</name>
         <value>0xa4ac</value>
         <object_component_ref idref="oc-62"/>
      </symbol>
      <symbol id="sm-45">
         <name>GPIODirModeGet</name>
         <value>0xa118</value>
         <object_component_ref idref="oc-62"/>
      </symbol>
      <symbol id="sm-46">
         <name>GPIOIntTypeSet</name>
         <value>0xa258</value>
         <object_component_ref idref="oc-62"/>
      </symbol>
      <symbol id="sm-47">
         <name>GPIOIntTypeGet</name>
         <value>0xa3c4</value>
         <object_component_ref idref="oc-62"/>
      </symbol>
      <symbol id="sm-48">
         <name>GPIOPinRead</name>
         <value>0xa1f8</value>
         <object_component_ref idref="oc-62"/>
      </symbol>
      <symbol id="sm-49">
         <name>GPIODirModeSet</name>
         <value>0xa080</value>
         <object_component_ref idref="oc-62"/>
      </symbol>
      <symbol id="sm-4a">
         <name>GPIOBankPinsWrite</name>
         <value>0xa550</value>
         <object_component_ref idref="oc-62"/>
      </symbol>
      <symbol id="sm-4b">
         <name>GPIOPinWrite</name>
         <value>0xa178</value>
         <object_component_ref idref="oc-62"/>
      </symbol>
      <symbol id="sm-4c">
         <name>GPIOBankIntEnable</name>
         <value>0xa4f4</value>
         <object_component_ref idref="oc-62"/>
      </symbol>
      <symbol id="sm-4d">
         <name>GPIOBankIntDisable</name>
         <value>0xa524</value>
         <object_component_ref idref="oc-62"/>
      </symbol>
      <symbol id="sm-4e">
         <name>GPIOPinIntStatus</name>
         <value>0xa44c</value>
         <object_component_ref idref="oc-62"/>
      </symbol>
      <symbol id="sm-57">
         <name>GPIOBank0Pin4PinMuxSetup</name>
         <value>0xa850</value>
         <object_component_ref idref="oc-74"/>
      </symbol>
      <symbol id="sm-58">
         <name>GPIOBank6Pin12PinMuxSetup</name>
         <value>0xa674</value>
         <object_component_ref idref="oc-74"/>
      </symbol>
      <symbol id="sm-59">
         <name>GPIOBank4Pin0PinMuxSetup</name>
         <value>0xa600</value>
         <object_component_ref idref="oc-74"/>
      </symbol>
      <symbol id="sm-5a">
         <name>GPIOBank0Pin1PinMuxSetup</name>
         <value>0xa7a0</value>
         <object_component_ref idref="oc-74"/>
      </symbol>
      <symbol id="sm-5b">
         <name>GPIOBank0Pin9PinMuxSetup</name>
         <value>0xa6ec</value>
         <object_component_ref idref="oc-74"/>
      </symbol>
      <symbol id="sm-5c">
         <name>GPIOBank2Pin5PinMuxSetup</name>
         <value>0xa764</value>
         <object_component_ref idref="oc-74"/>
      </symbol>
      <symbol id="sm-5d">
         <name>GPIOBank0Pin3PinMuxSetup</name>
         <value>0xa814</value>
         <object_component_ref idref="oc-74"/>
      </symbol>
      <symbol id="sm-5e">
         <name>GPIOBank2Pin12PinMuxSetup</name>
         <value>0xa6b0</value>
         <object_component_ref idref="oc-74"/>
      </symbol>
      <symbol id="sm-5f">
         <name>GPIOBank6Pin13PinMuxSetup</name>
         <value>0xa638</value>
         <object_component_ref idref="oc-74"/>
      </symbol>
      <symbol id="sm-60">
         <name>GPIOBank2Pin4PinMuxSetup</name>
         <value>0xa728</value>
         <object_component_ref idref="oc-74"/>
      </symbol>
      <symbol id="sm-61">
         <name>GPIOBank0Pin2PinMuxSetup</name>
         <value>0xa7d8</value>
         <object_component_ref idref="oc-74"/>
      </symbol>
      <symbol id="sm-d0">
         <name>IntEventCombineRegister</name>
         <value>0x9df8</value>
         <object_component_ref idref="oc-68"/>
      </symbol>
      <symbol id="sm-d1">
         <name>IntEventMap</name>
         <value>0x9b5c</value>
         <object_component_ref idref="oc-68"/>
      </symbol>
      <symbol id="sm-d2">
         <name>_c674x_mask_int9_isr</name>
         <value>0x8e30</value>
         <object_component_ref idref="oc-1b"/>
      </symbol>
      <symbol id="sm-d3">
         <name>IntUnRegister</name>
         <value>0x9b34</value>
         <object_component_ref idref="oc-68"/>
      </symbol>
      <symbol id="sm-d4">
         <name>IntEnable</name>
         <value>0x9e20</value>
         <object_component_ref idref="oc-68"/>
      </symbol>
      <symbol id="sm-d5">
         <name>_c674x_mask_int8_isr</name>
         <value>0x8c68</value>
         <object_component_ref idref="oc-1b"/>
      </symbol>
      <symbol id="sm-d6">
         <name>IntGlobalRestore</name>
         <value>0x9ec0</value>
         <object_component_ref idref="oc-68"/>
      </symbol>
      <symbol id="sm-d7">
         <name>_c674x_mask_int11_isr</name>
         <value>0x91c0</value>
         <object_component_ref idref="oc-1b"/>
      </symbol>
      <symbol id="sm-d8">
         <name>IntGlobalEnable</name>
         <value>0x9e98</value>
         <object_component_ref idref="oc-68"/>
      </symbol>
      <symbol id="sm-d9">
         <name>IntEventClear</name>
         <value>0x9c18</value>
         <object_component_ref idref="oc-68"/>
      </symbol>
      <symbol id="sm-da">
         <name>_c674x_mask_int7_isr</name>
         <value>0x8aa4</value>
         <object_component_ref idref="oc-1b"/>
      </symbol>
      <symbol id="sm-db">
         <name>_c674x_mask_int10_isr</name>
         <value>0x8ff8</value>
         <object_component_ref idref="oc-1b"/>
      </symbol>
      <symbol id="sm-dc">
         <name>_c674x_mask_int6_isr</name>
         <value>0x88e0</value>
         <object_component_ref idref="oc-1b"/>
      </symbol>
      <symbol id="sm-dd">
         <name>ExcCombineRemove</name>
         <value>0x9f40</value>
         <object_component_ref idref="oc-68"/>
      </symbol>
      <symbol id="sm-de">
         <name>_c674x_mask_int13_isr</name>
         <value>0x9548</value>
         <object_component_ref idref="oc-1b"/>
      </symbol>
      <symbol id="sm-df">
         <name>IntDisable</name>
         <value>0x9e50</value>
         <object_component_ref idref="oc-68"/>
      </symbol>
      <symbol id="sm-e0">
         <name>IntRegister</name>
         <value>0x9b10</value>
         <object_component_ref idref="oc-68"/>
      </symbol>
      <symbol id="sm-e1">
         <name>ExcCombineAdd</name>
         <value>0x9ef8</value>
         <object_component_ref idref="oc-68"/>
      </symbol>
      <symbol id="sm-e2">
         <name>IntGlobalDisable</name>
         <value>0x9eac</value>
         <object_component_ref idref="oc-68"/>
      </symbol>
      <symbol id="sm-e3">
         <name>_c674x_rsvd_int3_isr</name>
         <value>0x8388</value>
         <object_component_ref idref="oc-1b"/>
      </symbol>
      <symbol id="sm-e4">
         <name>_c674x_nmi_isr</name>
         <value>0x8000</value>
         <object_component_ref idref="oc-1b"/>
      </symbol>
      <symbol id="sm-e5">
         <name>_c674x_mask_int5_isr</name>
         <value>0x8718</value>
         <object_component_ref idref="oc-1b"/>
      </symbol>
      <symbol id="sm-e6">
         <name>_c674x_mask_int12_isr</name>
         <value>0x9384</value>
         <object_component_ref idref="oc-1b"/>
      </symbol>
      <symbol id="sm-e7">
         <name>ExcGlobalEnable</name>
         <value>0x9ed8</value>
         <object_component_ref idref="oc-68"/>
      </symbol>
      <symbol id="sm-e8">
         <name>_c674x_rsvd_int2_isr</name>
         <value>0x81c4</value>
         <object_component_ref idref="oc-1b"/>
      </symbol>
      <symbol id="sm-e9">
         <name>_c674x_mask_int4_isr</name>
         <value>0x8550</value>
         <object_component_ref idref="oc-1b"/>
      </symbol>
      <symbol id="sm-ea">
         <name>IntDSPINTCInit</name>
         <value>0x9aa0</value>
         <object_component_ref idref="oc-68"/>
      </symbol>
      <symbol id="sm-eb">
         <name>IntEventCombineInit</name>
         <value>0x9c50</value>
         <object_component_ref idref="oc-68"/>
      </symbol>
      <symbol id="sm-ec">
         <name>_c674x_mask_int15_isr</name>
         <value>0x98d8</value>
         <object_component_ref idref="oc-1b"/>
      </symbol>
      <symbol id="sm-ed">
         <name>IntEventSet</name>
         <value>0x9be4</value>
         <object_component_ref idref="oc-68"/>
      </symbol>
      <symbol id="sm-ee">
         <name>IntEventCombineAdd</name>
         <value>0x9d54</value>
         <object_component_ref idref="oc-68"/>
      </symbol>
      <symbol id="sm-ef">
         <name>_c674x_mask_int14_isr</name>
         <value>0x9710</value>
         <object_component_ref idref="oc-1b"/>
      </symbol>
      <symbol id="sm-f0">
         <name>IntEventCombineRemove</name>
         <value>0x9da8</value>
         <object_component_ref idref="oc-68"/>
      </symbol>
      <symbol id="sm-f1">
         <name>IntReset</name>
         <value>0x9e84</value>
         <object_component_ref idref="oc-68"/>
      </symbol>
      <symbol id="sm-f9">
         <name>_intcVectorTable</name>
         <value>0xac00</value>
         <object_component_ref idref="oc-3"/>
      </symbol>
      <symbol id="sm-123">
         <name>main</name>
         <value>0xb420</value>
         <object_component_ref idref="oc-22"/>
      </symbol>
      <symbol id="sm-143">
         <name>PSCModuleControl</name>
         <value>0xaf80</value>
         <object_component_ref idref="oc-6e"/>
      </symbol>
      <symbol id="sm-15b">
         <name>_c_int00</name>
         <value>0xb560</value>
         <object_component_ref idref="oc-2"/>
      </symbol>
      <symbol id="sm-15c">
         <name>_stack</name>
         <value>0xb6c0</value>
         <object_component_ref idref="oc-2d"/>
      </symbol>
      <symbol id="sm-176">
         <name>__TI_decompress_none</name>
         <value>0xb680</value>
         <object_component_ref idref="oc-c"/>
      </symbol>
      <symbol id="sm-199">
         <name>__TI_decompress_rle24</name>
         <value>0xb6a0</value>
         <object_component_ref idref="oc-16"/>
      </symbol>
      <symbol id="sm-1aa">
         <name>__TI_zero_init</name>
         <value>0xb1c0</value>
         <object_component_ref idref="oc-11"/>
      </symbol>
      <symbol id="sm-1c7">
         <name>C$$EXIT</name>
         <value>0xabe0</value>
         <object_component_ref idref="oc-9d"/>
      </symbol>
      <symbol id="sm-1c8">
         <name>_dtors_ptr</name>
         <value>0xc114</value>
         <object_component_ref idref="oc-9a"/>
      </symbol>
      <symbol id="sm-1c9">
         <name>abort</name>
         <value>0xabe0</value>
         <object_component_ref idref="oc-9d"/>
      </symbol>
      <symbol id="sm-1ca">
         <name>_cleanup_ptr</name>
         <value>0xc110</value>
         <object_component_ref idref="oc-9a"/>
      </symbol>
      <symbol id="sm-1cb">
         <name>exit</name>
         <value>0xb2a0</value>
         <object_component_ref idref="oc-3a"/>
      </symbol>
      <symbol id="sm-1cc">
         <name>__TI_enable_exit_profile_output</name>
         <value>0xc118</value>
         <object_component_ref idref="oc-9a"/>
      </symbol>
      <symbol id="sm-1d4">
         <name>memcpy</name>
         <value>0xb4c0</value>
         <object_component_ref idref="oc-41"/>
      </symbol>
      <symbol id="sm-1dc">
         <name>_args_main</name>
         <value>0xb640</value>
         <object_component_ref idref="oc-35"/>
      </symbol>
      <symbol id="sm-1e9">
         <name>_auto_init_elf</name>
         <value>0xaae0</value>
         <object_component_ref idref="oc-30"/>
      </symbol>
      <symbol id="sm-1f4">
         <name>__TI_cpp_init</name>
         <value>0xb5e0</value>
         <object_component_ref idref="oc-8e"/>
      </symbol>
      <symbol id="sm-20a">
         <name>copy_in</name>
         <value>0xb0c0</value>
         <object_component_ref idref="oc-84"/>
      </symbol>
      <symbol id="sm-218">
         <name>__TI_tls_init</name>
         <value>0xb360</value>
         <object_component_ref idref="oc-89"/>
      </symbol>
      <symbol id="sm-21a">
         <name>__TI_STATIC_BASE</name>
         <value>0x0</value>
      </symbol>
      <symbol id="sm-21b">
         <name>__TI_args_main</name>
         <value>0x1</value>
      </symbol>
      <symbol id="sm-21c">
         <name>__TI_INITARRAY_Base</name>
         <value>0x0</value>
      </symbol>
      <symbol id="sm-21d">
         <name>__TI_INITARRAY_Limit</name>
         <value>0x0</value>
      </symbol>
      <symbol id="sm-21e">
         <name>__TI_TLS_INIT_Base</name>
         <value>0x0</value>
      </symbol>
      <symbol id="sm-21f">
         <name>__TI_TLS_INIT_Limit</name>
         <value>0x0</value>
      </symbol>
   </symbol_table>
</link_info>
